Archive member included to satisfy reference by file (symbol)

/usr/bin/../lib/gcc/arm-none-eabi/7.2.1/thumb/v7e-m/fpv4-sp/hard/libgcc.a(_aeabi_uldivmod.o)
                              CMakeFiles/Clion_MAX_test.elf.dir/Drivers/STM32F4xx_HAL_Driver/Src/stm32f4xx_hal_rcc.c.obj (__aeabi_uldivmod)
/usr/bin/../lib/gcc/arm-none-eabi/7.2.1/thumb/v7e-m/fpv4-sp/hard/libgcc.a(_udivmoddi4.o)
                              /usr/bin/../lib/gcc/arm-none-eabi/7.2.1/thumb/v7e-m/fpv4-sp/hard/libgcc.a(_aeabi_uldivmod.o) (__udivmoddi4)
/usr/bin/../lib/gcc/arm-none-eabi/7.2.1/thumb/v7e-m/fpv4-sp/hard/libgcc.a(unwind-arm.o)
                              CMakeFiles/Clion_MAX_test.elf.dir/Src/example.cpp.obj (__aeabi_unwind_cpp_pr0)
/usr/bin/../lib/gcc/arm-none-eabi/7.2.1/thumb/v7e-m/fpv4-sp/hard/libgcc.a(libunwind.o)
                              /usr/bin/../lib/gcc/arm-none-eabi/7.2.1/thumb/v7e-m/fpv4-sp/hard/libgcc.a(unwind-arm.o) (restore_core_regs)
/usr/bin/../lib/gcc/arm-none-eabi/7.2.1/thumb/v7e-m/fpv4-sp/hard/libgcc.a(pr-support.o)
                              /usr/bin/../lib/gcc/arm-none-eabi/7.2.1/thumb/v7e-m/fpv4-sp/hard/libgcc.a(unwind-arm.o) (__gnu_unwind_execute)
/usr/bin/../lib/gcc/arm-none-eabi/7.2.1/thumb/v7e-m/fpv4-sp/hard/libgcc.a(_dvmd_tls.o)
                              /usr/bin/../lib/gcc/arm-none-eabi/7.2.1/thumb/v7e-m/fpv4-sp/hard/libgcc.a(_aeabi_uldivmod.o) (__aeabi_ldiv0)
/usr/bin/../lib/gcc/arm-none-eabi/7.2.1/../../../../arm-none-eabi/lib/thumb/v7e-m/fpv4-sp/hard/libg_nano.a(lib_a-abort.o)
                              /usr/bin/../lib/gcc/arm-none-eabi/7.2.1/thumb/v7e-m/fpv4-sp/hard/libgcc.a(unwind-arm.o) (abort)
/usr/bin/../lib/gcc/arm-none-eabi/7.2.1/../../../../arm-none-eabi/lib/thumb/v7e-m/fpv4-sp/hard/libg_nano.a(lib_a-exit.o)
                              /usr/bin/../lib/gcc/arm-none-eabi/7.2.1/../../../../arm-none-eabi/lib/thumb/v7e-m/fpv4-sp/hard/crt0.o (exit)
/usr/bin/../lib/gcc/arm-none-eabi/7.2.1/../../../../arm-none-eabi/lib/thumb/v7e-m/fpv4-sp/hard/libg_nano.a(lib_a-impure.o)
                              /usr/bin/../lib/gcc/arm-none-eabi/7.2.1/../../../../arm-none-eabi/lib/thumb/v7e-m/fpv4-sp/hard/libg_nano.a(lib_a-exit.o) (_global_impure_ptr)
/usr/bin/../lib/gcc/arm-none-eabi/7.2.1/../../../../arm-none-eabi/lib/thumb/v7e-m/fpv4-sp/hard/libg_nano.a(lib_a-init.o)
                              /usr/bin/../lib/gcc/arm-none-eabi/7.2.1/../../../../arm-none-eabi/lib/thumb/v7e-m/fpv4-sp/hard/crt0.o (__libc_init_array)
/usr/bin/../lib/gcc/arm-none-eabi/7.2.1/../../../../arm-none-eabi/lib/thumb/v7e-m/fpv4-sp/hard/libg_nano.a(lib_a-memcpy-stub.o)
                              CMakeFiles/Clion_MAX_test.elf.dir/Middlewares/Third_Party/FreeRTOS/Source/queue.c.obj (memcpy)
/usr/bin/../lib/gcc/arm-none-eabi/7.2.1/../../../../arm-none-eabi/lib/thumb/v7e-m/fpv4-sp/hard/libg_nano.a(lib_a-memset.o)
                              /usr/bin/../lib/gcc/arm-none-eabi/7.2.1/../../../../arm-none-eabi/lib/thumb/v7e-m/fpv4-sp/hard/crt0.o (memset)
/usr/bin/../lib/gcc/arm-none-eabi/7.2.1/../../../../arm-none-eabi/lib/thumb/v7e-m/fpv4-sp/hard/libg_nano.a(lib_a-signal.o)
                              /usr/bin/../lib/gcc/arm-none-eabi/7.2.1/../../../../arm-none-eabi/lib/thumb/v7e-m/fpv4-sp/hard/libg_nano.a(lib_a-abort.o) (raise)
/usr/bin/../lib/gcc/arm-none-eabi/7.2.1/../../../../arm-none-eabi/lib/thumb/v7e-m/fpv4-sp/hard/libg_nano.a(lib_a-signalr.o)
                              /usr/bin/../lib/gcc/arm-none-eabi/7.2.1/../../../../arm-none-eabi/lib/thumb/v7e-m/fpv4-sp/hard/libg_nano.a(lib_a-signal.o) (_kill_r)
/usr/bin/../lib/gcc/arm-none-eabi/7.2.1/../../../../arm-none-eabi/lib/thumb/v7e-m/fpv4-sp/hard/libg_nano.a(lib_a-nano-mallocr.o)
                              /usr/bin/../lib/gcc/arm-none-eabi/7.2.1/../../../../arm-none-eabi/lib/thumb/v7e-m/fpv4-sp/hard/libg_nano.a(lib_a-signal.o) (_malloc_r)
/usr/bin/../lib/gcc/arm-none-eabi/7.2.1/../../../../arm-none-eabi/lib/thumb/v7e-m/fpv4-sp/hard/libg_nano.a(lib_a-reent.o)
                              /usr/bin/../lib/gcc/arm-none-eabi/7.2.1/../../../../arm-none-eabi/lib/thumb/v7e-m/fpv4-sp/hard/libg_nano.a(lib_a-signalr.o) (errno)
/usr/bin/../lib/gcc/arm-none-eabi/7.2.1/../../../../arm-none-eabi/lib/thumb/v7e-m/fpv4-sp/hard/libg_nano.a(lib_a-sbrkr.o)
                              /usr/bin/../lib/gcc/arm-none-eabi/7.2.1/../../../../arm-none-eabi/lib/thumb/v7e-m/fpv4-sp/hard/libg_nano.a(lib_a-nano-mallocr.o) (_sbrk_r)
/usr/bin/../lib/gcc/arm-none-eabi/7.2.1/../../../../arm-none-eabi/lib/thumb/v7e-m/fpv4-sp/hard/libg_nano.a(lib_a-mlock.o)
                              /usr/bin/../lib/gcc/arm-none-eabi/7.2.1/../../../../arm-none-eabi/lib/thumb/v7e-m/fpv4-sp/hard/libg_nano.a(lib_a-nano-mallocr.o) (__malloc_lock)
/usr/bin/../lib/gcc/arm-none-eabi/7.2.1/../../../../arm-none-eabi/lib/thumb/v7e-m/fpv4-sp/hard/libg_nano.a(lib_a-nano-freer.o)
[...]
Memory Configuration

Name             Origin             Length             Attributes
RAM              0x0000000020000000 0x0000000000030000 xrw
CCMRAM           0x0000000010000000 0x0000000000010000 rw
FLASH            0x0000000008000000 0x0000000000200000 xr
*default*        0x0000000000000000 0xffffffffffffffff

Linker script and memory map

LOAD /usr/bin/../lib/gcc/arm-none-eabi/7.2.1/thumb/v7e-m/fpv4-sp/hard/crti.o
LOAD /usr/bin/../lib/gcc/arm-none-eabi/7.2.1/thumb/v7e-m/fpv4-sp/hard/crtbegin.o
LOAD /usr/bin/../lib/gcc/arm-none-eabi/7.2.1/../../../../arm-none-eabi/lib/thumb/v7e-m/fpv4-sp/hard/crt0.o
LOAD CMakeFiles/Clion_MAX_test.elf.dir/App/MAX7219.cpp.obj
LOAD CMakeFiles/Clion_MAX_test.elf.dir/App/MAX7219_MatrixDisplay.cpp.obj
LOAD CMakeFiles/Clion_MAX_test.elf.dir/Middlewares/Third_Party/FreeRTOS/Source/CMSIS_RTOS/cmsis_os.c.obj
LOAD CMakeFiles/Clion_MAX_test.elf.dir/Middlewares/Third_Party/FreeRTOS/Source/croutine.c.obj
LOAD CMakeFiles/Clion_MAX_test.elf.dir/Middlewares/Third_Party/FreeRTOS/Source/event_groups.c.obj
LOAD CMakeFiles/Clion_MAX_test.elf.dir/Middlewares/Third_Party/FreeRTOS/Source/list.c.obj
LOAD CMakeFiles/Clion_MAX_test.elf.dir/Middlewares/Third_Party/FreeRTOS/Source/portable/GCC/ARM_CM4F/port.c.obj
LOAD CMakeFiles/Clion_MAX_test.elf.dir/Middlewares/Third_Party/FreeRTOS/Source/portable/MemMang/heap_4.c.obj
LOAD CMakeFiles/Clion_MAX_test.elf.dir/Middlewares/Third_Party/FreeRTOS/Source/queue.c.obj
LOAD CMakeFiles/Clion_MAX_test.elf.dir/Middlewares/Third_Party/FreeRTOS/Source/tasks.c.obj
LOAD CMakeFiles/Clion_MAX_test.elf.dir/Middlewares/Third_Party/FreeRTOS/Source/timers.c.obj
LOAD CMakeFiles/Clion_MAX_test.elf.dir/startup/startup_stm32f429xx.s.obj
LOAD CMakeFiles/Clion_MAX_test.elf.dir/Drivers/STM32F4xx_HAL_Driver/Src/stm32f4xx_hal.c.obj
LOAD CMakeFiles/Clion_MAX_test.elf.dir/Drivers/STM32F4xx_HAL_Driver/Src/stm32f4xx_hal_cortex.c.obj
LOAD CMakeFiles/Clion_MAX_test.elf.dir/Drivers/STM32F4xx_HAL_Driver/Src/stm32f4xx_hal_dma.c.obj
LOAD CMakeFiles/Clion_MAX_test.elf.dir/Drivers/STM32F4xx_HAL_Driver/Src/stm32f4xx_hal_dma_ex.c.obj
LOAD CMakeFiles/Clion_MAX_test.elf.dir/Drivers/STM32F4xx_HAL_Driver/Src/stm32f4xx_hal_flash.c.obj
LOAD CMakeFiles/Clion_MAX_test.elf.dir/Drivers/STM32F4xx_HAL_Driver/Src/stm32f4xx_hal_flash_ex.c.obj
LOAD CMakeFiles/Clion_MAX_test.elf.dir/Drivers/STM32F4xx_HAL_Driver/Src/stm32f4xx_hal_flash_ramfunc.c.obj
LOAD CMakeFiles/Clion_MAX_test.elf.dir/Drivers/STM32F4xx_HAL_Driver/Src/stm32f4xx_hal_gpio.c.obj
LOAD CMakeFiles/Clion_MAX_test.elf.dir/Drivers/STM32F4xx_HAL_Driver/Src/stm32f4xx_hal_pwr.c.obj
LOAD CMakeFiles/Clion_MAX_test.elf.dir/Drivers/STM32F4xx_HAL_Driver/Src/stm32f4xx_hal_pwr_ex.c.obj
LOAD CMakeFiles/Clion_MAX_test.elf.dir/Drivers/STM32F4xx_HAL_Driver/Src/stm32f4xx_hal_rcc.c.obj
LOAD CMakeFiles/Clion_MAX_test.elf.dir/Drivers/STM32F4xx_HAL_Driver/Src/stm32f4xx_hal_rcc_ex.c.obj
LOAD CMakeFiles/Clion_MAX_test.elf.dir/Drivers/STM32F4xx_HAL_Driver/Src/stm32f4xx_hal_spi.c.obj
LOAD CMakeFiles/Clion_MAX_test.elf.dir/Drivers/STM32F4xx_HAL_Driver/Src/stm32f4xx_hal_tim.c.obj
LOAD CMakeFiles/Clion_MAX_test.elf.dir/Drivers/STM32F4xx_HAL_Driver/Src/stm32f4xx_hal_tim_ex.c.obj
LOAD CMakeFiles/Clion_MAX_test.elf.dir/Src/dma.c.obj
LOAD CMakeFiles/Clion_MAX_test.elf.dir/Src/example.cpp.obj
LOAD CMakeFiles/Clion_MAX_test.elf.dir/Src/freertos.c.obj
LOAD CMakeFiles/Clion_MAX_test.elf.dir/Src/gpio.c.obj
LOAD CMakeFiles/Clion_MAX_test.elf.dir/Src/main.c.obj
LOAD CMakeFiles/Clion_MAX_test.elf.dir/Src/spi.c.obj
LOAD CMakeFiles/Clion_MAX_test.elf.dir/Src/stm32f4xx_hal_msp.c.obj
LOAD CMakeFiles/Clion_MAX_test.elf.dir/Src/stm32f4xx_hal_timebase_TIM.c.obj
LOAD CMakeFiles/Clion_MAX_test.elf.dir/Src/stm32f4xx_it.c.obj
LOAD CMakeFiles/Clion_MAX_test.elf.dir/Src/system_stm32f4xx.c.obj
LOAD CMakeFiles/Clion_MAX_test.elf.dir/RTT/RTT_Syscalls_GCC.c.obj
LOAD CMakeFiles/Clion_MAX_test.elf.dir/RTT/SEGGER_RTT.c.obj
LOAD CMakeFiles/Clion_MAX_test.elf.dir/RTT/SEGGER_RTT_printf.c.obj
LOAD /usr/bin/../lib/gcc/arm-none-eabi/7.2.1/../../../../arm-none-eabi/lib/thumb/v7e-m/fpv4-sp/hard/libstdc++_nano.a
LOAD /usr/bin/../lib/gcc/arm-none-eabi/7.2.1/../../../../arm-none-eabi/lib/thumb/v7e-m/fpv4-sp/hard/libm.a
START GROUP
LOAD /usr/bin/../lib/gcc/arm-none-eabi/7.2.1/thumb/v7e-m/fpv4-sp/hard/libgcc.a
LOAD /usr/bin/../lib/gcc/arm-none-eabi/7.2.1/../../../../arm-none-eabi/lib/thumb/v7e-m/fpv4-sp/hard/libg_nano.a
LOAD /usr/bin/../lib/gcc/arm-none-eabi/7.2.1/../../../../arm-none-eabi/lib/thumb/v7e-m/fpv4-sp/hard/libc_nano.a
END GROUP
START GROUP
LOAD /usr/bin/../lib/gcc/arm-none-eabi/7.2.1/thumb/v7e-m/fpv4-sp/hard/libgcc.a
LOAD /usr/bin/../lib/gcc/arm-none-eabi/7.2.1/../../../../arm-none-eabi/lib/thumb/v7e-m/fpv4-sp/hard/libc_nano.a
LOAD /usr/bin/../lib/gcc/arm-none-eabi/7.2.1/../../../../arm-none-eabi/lib/thumb/v7e-m/fpv4-sp/hard/libnosys.a
END GROUP
START GROUP
LOAD /usr/bin/../lib/gcc/arm-none-eabi/7.2.1/thumb/v7e-m/fpv4-sp/hard/libgcc.a
LOAD /usr/bin/../lib/gcc/arm-none-eabi/7.2.1/../../../../arm-none-eabi/lib/thumb/v7e-m/fpv4-sp/hard/libc_nano.a
LOAD /usr/bin/../lib/gcc/arm-none-eabi/7.2.1/../../../../arm-none-eabi/lib/thumb/v7e-m/fpv4-sp/hard/libnosys.a
END GROUP
LOAD /usr/bin/../lib/gcc/arm-none-eabi/7.2.1/thumb/v7e-m/fpv4-sp/hard/crtend.o
LOAD /usr/bin/../lib/gcc/arm-none-eabi/7.2.1/thumb/v7e-m/fpv4-sp/hard/crtn.o
                0x0000000020030000                _estack = 0x20030000
                0x0000000000000200                _Min_Heap_Size = 0x200
                0x0000000000000400                _Min_Stack_Size = 0x400

.isr_vector     0x0000000008000000      0x1ac
                0x0000000008000000                . = ALIGN (0x4)
 *(.isr_vector)
 .isr_vector    0x0000000008000000      0x1ac CMakeFiles/Clion_MAX_test.elf.dir/startup/startup_stm32f429xx.s.obj
                0x0000000008000000                g_pfnVectors
                0x00000000080001ac                . = ALIGN (0x4)

.text           0x00000000080001b0     0x5820
                0x00000000080001b0                . = ALIGN (0x4)
 *(.text)
 .text          0x00000000080001b0       0x40 /usr/bin/../lib/gcc/arm-none-eabi/7.2.1/thumb/v7e-m/fpv4-sp/hard/crtbegin.o
 .text          0x00000000080001f0       0x30 /usr/bin/../lib/gcc/arm-none-eabi/7.2.1/thumb/v7e-m/fpv4-sp/hard/libgcc.a(_aeabi_uldivmod.o)
                0x00000000080001f0                __aeabi_uldivmod
 .text          0x0000000008000220      0x2cc /usr/bin/../lib/gcc/arm-none-eabi/7.2.1/thumb/v7e-m/fpv4-sp/hard/libgcc.a(_udivmoddi4.o)
                0x0000000008000220                __udivmoddi4
 .text          0x00000000080004ec      0x9ec /usr/bin/../lib/gcc/arm-none-eabi/7.2.1/thumb/v7e-m/fpv4-sp/hard/libgcc.a(unwind-arm.o)
                0x00000000080007a0                _Unwind_GetCFA
                0x00000000080007a4                __gnu_Unwind_RaiseException
                0x0000000008000804                __gnu_Unwind_ForcedUnwind
                0x0000000008000818                __gnu_Unwind_Resume
                0x000000000800085c                __gnu_Unwind_Resume_or_Rethrow
                0x000000000800086c                _Unwind_Complete
                0x0000000008000870                _Unwind_DeleteException
                0x000000000800087c                _Unwind_VRS_Get
                0x00000000080008c0                _Unwind_VRS_Set
                0x0000000008000908                __gnu_Unwind_Backtrace
                0x0000000008000c4c                __aeabi_unwind_cpp_pr0
                0x0000000008000c50                __aeabi_unwind_cpp_pr1
                0x0000000008000c54                __aeabi_unwind_cpp_pr2
                0x0000000008000c58                _Unwind_VRS_Pop
 .text          0x0000000008000ed8      0x1ac /usr/bin/../lib/gcc/arm-none-eabi/7.2.1/thumb/v7e-m/fpv4-sp/hard/libgcc.a(libunwind.o)
                0x0000000008000ed8                __restore_core_regs
                0x0000000008000ed8                restore_core_regs
                0x0000000008000ef0                __gnu_Unwind_Restore_VFP
                0x0000000008000ef8                __gnu_Unwind_Save_VFP
                0x0000000008000f00                __gnu_Unwind_Restore_VFP_D
                0x0000000008000f08                __gnu_Unwind_Save_VFP_D
                0x0000000008000f10                __gnu_Unwind_Restore_VFP_D_16_to_31
                0x0000000008000f18                __gnu_Unwind_Save_VFP_D_16_to_31
                0x0000000008000f20                __gnu_Unwind_Restore_WMMXD
                0x0000000008000f64                __gnu_Unwind_Save_WMMXD
                0x0000000008000fa8                __gnu_Unwind_Restore_WMMXC
                0x0000000008000fbc                __gnu_Unwind_Save_WMMXC
                0x0000000008000fd0                ___Unwind_RaiseException
                0x0000000008000fd0                _Unwind_RaiseException
                0x0000000008000ff4                ___Unwind_Resume
                0x0000000008000ff4                _Unwind_Resume
                0x0000000008001018                _Unwind_Resume_or_Rethrow
                0x0000000008001018                ___Unwind_Resume_or_Rethrow
                0x000000000800103c                ___Unwind_ForcedUnwind
                0x000000000800103c                _Unwind_ForcedUnwind
                0x0000000008001060                _Unwind_Backtrace
                0x0000000008001060                ___Unwind_Backtrace
 .text          0x0000000008001084      0x374 /usr/bin/../lib/gcc/arm-none-eabi/7.2.1/thumb/v7e-m/fpv4-sp/hard/libgcc.a(pr-support.o)
                0x00000000080010dc                __gnu_unwind_execute
                0x00000000080013a0                __gnu_unwind_frame
                0x00000000080013c8                _Unwind_GetRegionStart
                0x00000000080013d4                _Unwind_GetLanguageSpecificData
                0x00000000080013e8                _Unwind_GetDataRelBase
                0x00000000080013f0                _Unwind_GetTextRelBase
 .text          0x00000000080013f8        0x4 /usr/bin/../lib/gcc/arm-none-eabi/7.2.1/thumb/v7e-m/fpv4-sp/hard/libgcc.a(_dvmd_tls.o)
                0x00000000080013f8                __aeabi_ldiv0
                0x00000000080013f8                __aeabi_idiv0
 *(.text*)
 .text.makeFreeRtosPriority
                0x00000000080013fc       0x30 CMakeFiles/Clion_MAX_test.elf.dir/Middlewares/Third_Party/FreeRTOS/Source/CMSIS_RTOS/cmsis_os.c.obj
 .text.osKernelStart
                0x000000000800142c        0xe CMakeFiles/Clion_MAX_test.elf.dir/Middlewares/Third_Party/FreeRTOS/Source/CMSIS_RTOS/cmsis_os.c.obj
                0x000000000800142c                osKernelStart
 .text.osThreadCreate
                0x000000000800143a       0x4e CMakeFiles/Clion_MAX_test.elf.dir/Middlewares/Third_Party/FreeRTOS/Source/CMSIS_RTOS/cmsis_os.c.obj
                0x000000000800143a                osThreadCreate
 .text.osDelay  0x0000000008001488       0x28 CMakeFiles/Clion_MAX_test.elf.dir/Middlewares/Third_Party/FreeRTOS/Source/CMSIS_RTOS/cmsis_os.c.obj
                0x0000000008001488                osDelay
 .text.osSystickHandler
                0x00000000080014b0       0x16 CMakeFiles/Clion_MAX_test.elf.dir/Middlewares/Third_Party/FreeRTOS/Source/CMSIS_RTOS/cmsis_os.c.obj
                0x00000000080014b0                osSystickHandler
 .text.vListInitialise
                0x00000000080014c6       0x40 CMakeFiles/Clion_MAX_test.elf.dir/Middlewares/Third_Party/FreeRTOS/Source/list.c.obj
                0x00000000080014c6                vListInitialise
 .text.vListInitialiseItem
                0x0000000008001506       0x1a CMakeFiles/Clion_MAX_test.elf.dir/Middlewares/Third_Party/FreeRTOS/Source/list.c.obj
                0x0000000008001506                vListInitialiseItem
 .text.vListInsertEnd
                0x0000000008001520       0x48 CMakeFiles/Clion_MAX_test.elf.dir/Middlewares/Third_Party/FreeRTOS/Source/list.c.obj
                0x0000000008001520                vListInsertEnd
 .text.vListInsert
                0x0000000008001568       0x72 CMakeFiles/Clion_MAX_test.elf.dir/Middlewares/Third_Party/FreeRTOS/Source/list.c.obj
                0x0000000008001568                vListInsert
 .text.uxListRemove
                0x00000000080015da       0x54 CMakeFiles/Clion_MAX_test.elf.dir/Middlewares/Third_Party/FreeRTOS/Source/list.c.obj
                0x00000000080015da                uxListRemove
 *fill*         0x000000000800162e        0x2 
 .text.pxPortInitialiseStack
                0x0000000008001630       0x68 CMakeFiles/Clion_MAX_test.elf.dir/Middlewares/Third_Party/FreeRTOS/Source/portable/GCC/ARM_CM4F/port.c.obj
                0x0000000008001630                pxPortInitialiseStack
 .text.prvTaskExitError
                0x0000000008001698       0x3c CMakeFiles/Clion_MAX_test.elf.dir/Middlewares/Third_Party/FreeRTOS/Source/portable/GCC/ARM_CM4F/port.c.obj
 *fill*         0x00000000080016d4        0xc 
 .text.SVC_Handler
                0x00000000080016e0       0x28 CMakeFiles/Clion_MAX_test.elf.dir/Middlewares/Third_Party/FreeRTOS/Source/portable/GCC/ARM_CM4F/port.c.obj
                0x00000000080016e0                SVC_Handler
 .text.prvPortStartFirstTask
                0x0000000008001708       0x20 CMakeFiles/Clion_MAX_test.elf.dir/Middlewares/Third_Party/FreeRTOS/Source/portable/GCC/ARM_CM4F/port.c.obj
 .text.xPortStartScheduler
                0x0000000008001728      0x118 CMakeFiles/Clion_MAX_test.elf.dir/Middlewares/Third_Party/FreeRTOS/Source/portable/GCC/ARM_CM4F/port.c.obj
                0x0000000008001728                xPortStartScheduler
 .text.vPortEnterCritical
                0x0000000008001840       0x5c CMakeFiles/Clion_MAX_test.elf.dir/Middlewares/Third_Party/FreeRTOS/Source/portable/GCC/ARM_CM4F/port.c.obj
                0x0000000008001840                vPortEnterCritical
 .text.vPortExitCritical
                0x000000000800189c       0x50 CMakeFiles/Clion_MAX_test.elf.dir/Middlewares/Third_Party/FreeRTOS/Source/portable/GCC/ARM_CM4F/port.c.obj
                0x000000000800189c                vPortExitCritical
 *fill*         0x00000000080018ec        0x4 
 .text.PendSV_Handler
                0x00000000080018f0       0x68 CMakeFiles/Clion_MAX_test.elf.dir/Middlewares/Third_Party/FreeRTOS/Source/portable/GCC/ARM_CM4F/port.c.obj
                0x00000000080018f0                PendSV_Handler
 .text.xPortSysTickHandler
                0x0000000008001958       0x40 CMakeFiles/Clion_MAX_test.elf.dir/Middlewares/Third_Party/FreeRTOS/Source/portable/GCC/ARM_CM4F/port.c.obj
                0x0000000008001958                xPortSysTickHandler
 .text.vPortSetupTimerInterrupt
                0x0000000008001998       0x38 CMakeFiles/Clion_MAX_test.elf.dir/Middlewares/Third_Party/FreeRTOS/Source/portable/GCC/ARM_CM4F/port.c.obj
                0x0000000008001998                vPortSetupTimerInterrupt
 .text.vPortEnableVFP
                0x00000000080019d0       0x14 CMakeFiles/Clion_MAX_test.elf.dir/Middlewares/Third_Party/FreeRTOS/Source/portable/GCC/ARM_CM4F/port.c.obj
 .text.pvPortMalloc
                0x00000000080019e4      0x184 CMakeFiles/Clion_MAX_test.elf.dir/Middlewares/Third_Party/FreeRTOS/Source/portable/MemMang/heap_4.c.obj
                0x00000000080019e4                pvPortMalloc
 .text.vPortFree
                0x0000000008001b68       0xb0 CMakeFiles/Clion_MAX_test.elf.dir/Middlewares/Third_Party/FreeRTOS/Source/portable/MemMang/heap_4.c.obj
                0x0000000008001b68                vPortFree
 .text.prvHeapInit
                0x0000000008001c18       0xc4 CMakeFiles/Clion_MAX_test.elf.dir/Middlewares/Third_Party/FreeRTOS/Source/portable/MemMang/heap_4.c.obj
 .text.prvInsertBlockIntoFreeList
                0x0000000008001cdc       0xb4 CMakeFiles/Clion_MAX_test.elf.dir/Middlewares/Third_Party/FreeRTOS/Source/portable/MemMang/heap_4.c.obj
 .text.xTaskCreate
                0x0000000008001d90       0x82 CMakeFiles/Clion_MAX_test.elf.dir/Middlewares/Third_Party/FreeRTOS/Source/tasks.c.obj
                0x0000000008001d90                xTaskCreate
 .text.prvInitialiseNewTask
                0x0000000008001e12       0xfc CMakeFiles/Clion_MAX_test.elf.dir/Middlewares/Third_Party/FreeRTOS/Source/tasks.c.obj
 *fill*         0x0000000008001f0e        0x2 
 .text.prvAddNewTaskToReadyList
                0x0000000008001f10       0xd4 CMakeFiles/Clion_MAX_test.elf.dir/Middlewares/Third_Party/FreeRTOS/Source/tasks.c.obj
 .text.vTaskDelay
                0x0000000008001fe4       0x68 CMakeFiles/Clion_MAX_test.elf.dir/Middlewares/Third_Party/FreeRTOS/Source/tasks.c.obj
                0x0000000008001fe4                vTaskDelay
 .text.vTaskStartScheduler
                0x000000000800204c       0x8c CMakeFiles/Clion_MAX_test.elf.dir/Middlewares/Third_Party/FreeRTOS/Source/tasks.c.obj
                0x000000000800204c                vTaskStartScheduler
 .text.vTaskSuspendAll
                0x00000000080020d8       0x1c CMakeFiles/Clion_MAX_test.elf.dir/Middlewares/Third_Party/FreeRTOS/Source/tasks.c.obj
                0x00000000080020d8                vTaskSuspendAll
 .text.xTaskResumeAll
                0x00000000080020f4      0x138 CMakeFiles/Clion_MAX_test.elf.dir/Middlewares/Third_Party/FreeRTOS/Source/tasks.c.obj
                0x00000000080020f4                xTaskResumeAll
 .text.xTaskIncrementTick
                0x000000000800222c      0x178 CMakeFiles/Clion_MAX_test.elf.dir/Middlewares/Third_Party/FreeRTOS/Source/tasks.c.obj
                0x000000000800222c                xTaskIncrementTick
 .text.vTaskSwitchContext
                0x00000000080023a4       0xb4 CMakeFiles/Clion_MAX_test.elf.dir/Middlewares/Third_Party/FreeRTOS/Source/tasks.c.obj
                0x00000000080023a4                vTaskSwitchContext
 .text.prvIdleTask
                0x0000000008002458       0x30 CMakeFiles/Clion_MAX_test.elf.dir/Middlewares/Third_Party/FreeRTOS/Source/tasks.c.obj
 .text.prvInitialiseTaskLists
                0x0000000008002488       0x80 CMakeFiles/Clion_MAX_test.elf.dir/Middlewares/Third_Party/FreeRTOS/Source/tasks.c.obj
 .text.prvCheckTasksWaitingTermination
                0x0000000008002508       0x78 CMakeFiles/Clion_MAX_test.elf.dir/Middlewares/Third_Party/FreeRTOS/Source/tasks.c.obj
 .text.prvDeleteTCB
                0x0000000008002580       0x20 CMakeFiles/Clion_MAX_test.elf.dir/Middlewares/Third_Party/FreeRTOS/Source/tasks.c.obj
 .text.prvResetNextTaskUnblockTime
                0x00000000080025a0       0x4c CMakeFiles/Clion_MAX_test.elf.dir/Middlewares/Third_Party/FreeRTOS/Source/tasks.c.obj
 .text.xTaskGetSchedulerState
                0x00000000080025ec       0x3c CMakeFiles/Clion_MAX_test.elf.dir/Middlewares/Third_Party/FreeRTOS/Source/tasks.c.obj
                0x00000000080025ec                xTaskGetSchedulerState
 .text.prvAddCurrentTaskToDelayedList
                0x0000000008002628       0xcc CMakeFiles/Clion_MAX_test.elf.dir/Middlewares/Third_Party/FreeRTOS/Source/tasks.c.obj
 .text.Reset_Handler
                0x00000000080026f4       0x50 CMakeFiles/Clion_MAX_test.elf.dir/startup/startup_stm32f429xx.s.obj
                0x00000000080026f4                Reset_Handler
 .text.Default_Handler
                0x0000000008002744        0x2 CMakeFiles/Clion_MAX_test.elf.dir/startup/startup_stm32f429xx.s.obj
                0x0000000008002744                RTC_Alarm_IRQHandler
                0x0000000008002744                HASH_RNG_IRQHandler
                0x0000000008002744                EXTI2_IRQHandler
                0x0000000008002744                TIM8_CC_IRQHandler
                0x0000000008002744                DebugMon_Handler
                0x0000000008002744                UART8_IRQHandler
                0x0000000008002744                SPI4_IRQHandler
                0x0000000008002744                TIM1_CC_IRQHandler
                0x0000000008002744                DMA2_Stream5_IRQHandler
                0x0000000008002744                HardFault_Handler
                0x0000000008002744                DMA1_Stream5_IRQHandler
                0x0000000008002744                PVD_IRQHandler
                0x0000000008002744                SDIO_IRQHandler
                0x0000000008002744                TAMP_STAMP_IRQHandler
                0x0000000008002744                NMI_Handler
                0x0000000008002744                CAN2_RX1_IRQHandler
                0x0000000008002744                EXTI3_IRQHandler
                0x0000000008002744                TIM8_TRG_COM_TIM14_IRQHandler
                0x0000000008002744                TIM1_UP_TIM10_IRQHandler
                0x0000000008002744                I2C3_ER_IRQHandler
                0x0000000008002744                EXTI0_IRQHandler
                0x0000000008002744                I2C2_EV_IRQHandler
                0x0000000008002744                DMA1_Stream2_IRQHandler
                0x0000000008002744                CAN1_RX0_IRQHandler
                0x0000000008002744                FPU_IRQHandler
                0x0000000008002744                OTG_HS_WKUP_IRQHandler
                0x0000000008002744                UsageFault_Handler
                0x0000000008002744                LTDC_ER_IRQHandler
                0x0000000008002744                CAN2_SCE_IRQHandler
                0x0000000008002744                DMA2_Stream2_IRQHandler
                0x0000000008002744                SPI1_IRQHandler
                0x0000000008002744                TIM6_DAC_IRQHandler
                0x0000000008002744                TIM1_BRK_TIM9_IRQHandler
                0x0000000008002744                DCMI_IRQHandler
                0x0000000008002744                CAN2_RX0_IRQHandler
                0x0000000008002744                DMA2_Stream3_IRQHandler
                0x0000000008002744                USART6_IRQHandler
                0x0000000008002744                USART3_IRQHandler
                0x0000000008002744                CAN1_RX1_IRQHandler
                0x0000000008002744                UART5_IRQHandler
                0x0000000008002744                DMA2_Stream0_IRQHandler
                0x0000000008002744                TIM4_IRQHandler
                0x0000000008002744                I2C1_EV_IRQHandler
                0x0000000008002744                DMA1_Stream6_IRQHandler
                0x0000000008002744                DMA1_Stream1_IRQHandler
                0x0000000008002744                UART4_IRQHandler
                0x0000000008002744                TIM3_IRQHandler
                0x0000000008002744                RCC_IRQHandler
                0x0000000008002744                TIM8_BRK_TIM12_IRQHandler
                0x0000000008002744                Default_Handler
                0x0000000008002744                EXTI15_10_IRQHandler
                0x0000000008002744                ADC_IRQHandler
                0x0000000008002744                DMA1_Stream7_IRQHandler
                0x0000000008002744                TIM7_IRQHandler
                0x0000000008002744                CAN2_TX_IRQHandler
                0x0000000008002744                TIM5_IRQHandler
                0x0000000008002744                DMA2_Stream7_IRQHandler
                0x0000000008002744                I2C3_EV_IRQHandler
                0x0000000008002744                EXTI9_5_IRQHandler
                0x0000000008002744                RTC_WKUP_IRQHandler
                0x0000000008002744                LTDC_IRQHandler
                0x0000000008002744                ETH_WKUP_IRQHandler
                0x0000000008002744                SPI2_IRQHandler
                0x0000000008002744                OTG_HS_EP1_IN_IRQHandler
                0x0000000008002744                MemManage_Handler
                0x0000000008002744                DMA1_Stream0_IRQHandler
                0x0000000008002744                CAN1_TX_IRQHandler
                0x0000000008002744                EXTI4_IRQHandler
                0x0000000008002744                ETH_IRQHandler
                0x0000000008002744                OTG_HS_EP1_OUT_IRQHandler
                0x0000000008002744                WWDG_IRQHandler
                0x0000000008002744                SPI6_IRQHandler
                0x0000000008002744                TIM2_IRQHandler
                0x0000000008002744                OTG_FS_WKUP_IRQHandler
                0x0000000008002744                TIM1_TRG_COM_TIM11_IRQHandler
                0x0000000008002744                OTG_HS_IRQHandler
                0x0000000008002744                DMA2D_IRQHandler
                0x0000000008002744                EXTI1_IRQHandler
                0x0000000008002744                UART7_IRQHandler
                0x0000000008002744                USART2_IRQHandler
                0x0000000008002744                I2C2_ER_IRQHandler
                0x0000000008002744                DMA2_Stream1_IRQHandler
                0x0000000008002744                CAN1_SCE_IRQHandler
                0x0000000008002744                FLASH_IRQHandler
                0x0000000008002744                BusFault_Handler
                0x0000000008002744                USART1_IRQHandler
                0x0000000008002744                OTG_FS_IRQHandler
                0x0000000008002744                SPI3_IRQHandler
                0x0000000008002744                DMA1_Stream4_IRQHandler
                0x0000000008002744                I2C1_ER_IRQHandler
                0x0000000008002744                FMC_IRQHandler
                0x0000000008002744                DMA2_Stream6_IRQHandler
                0x0000000008002744                SAI1_IRQHandler
                0x0000000008002744                DMA1_Stream3_IRQHandler
 *fill*         0x0000000008002746        0x2 
 .text.HAL_Init
                0x0000000008002748       0x44 CMakeFiles/Clion_MAX_test.elf.dir/Drivers/STM32F4xx_HAL_Driver/Src/stm32f4xx_hal.c.obj
                0x0000000008002748                HAL_Init
 .text.HAL_IncTick
                0x000000000800278c       0x28 CMakeFiles/Clion_MAX_test.elf.dir/Drivers/STM32F4xx_HAL_Driver/Src/stm32f4xx_hal.c.obj
                0x000000000800278c                HAL_IncTick
 .text.HAL_GetTick
                0x00000000080027b4       0x18 CMakeFiles/Clion_MAX_test.elf.dir/Drivers/STM32F4xx_HAL_Driver/Src/stm32f4xx_hal.c.obj
                0x00000000080027b4                HAL_GetTick
 .text.NVIC_SetPriorityGrouping
                0x00000000080027cc       0x48 CMakeFiles/Clion_MAX_test.elf.dir/Drivers/STM32F4xx_HAL_Driver/Src/stm32f4xx_hal_cortex.c.obj
 .text.NVIC_GetPriorityGrouping
                0x0000000008002814       0x1c CMakeFiles/Clion_MAX_test.elf.dir/Drivers/STM32F4xx_HAL_Driver/Src/stm32f4xx_hal_cortex.c.obj
 .text.NVIC_EnableIRQ
                0x0000000008002830       0x34 CMakeFiles/Clion_MAX_test.elf.dir/Drivers/STM32F4xx_HAL_Driver/Src/stm32f4xx_hal_cortex.c.obj
 .text.NVIC_SetPriority
                0x0000000008002864       0x54 CMakeFiles/Clion_MAX_test.elf.dir/Drivers/STM32F4xx_HAL_Driver/Src/stm32f4xx_hal_cortex.c.obj
 .text.NVIC_EncodePriority
                0x00000000080028b8       0x66 CMakeFiles/Clion_MAX_test.elf.dir/Drivers/STM32F4xx_HAL_Driver/Src/stm32f4xx_hal_cortex.c.obj
 *fill*         0x000000000800291e        0x2 
 .text.SysTick_Config
                0x0000000008002920       0x44 CMakeFiles/Clion_MAX_test.elf.dir/Drivers/STM32F4xx_HAL_Driver/Src/stm32f4xx_hal_cortex.c.obj
 .text.HAL_NVIC_SetPriorityGrouping
                0x0000000008002964       0x16 CMakeFiles/Clion_MAX_test.elf.dir/Drivers/STM32F4xx_HAL_Driver/Src/stm32f4xx_hal_cortex.c.obj
                0x0000000008002964                HAL_NVIC_SetPriorityGrouping
 .text.HAL_NVIC_SetPriority
                0x000000000800297a       0x38 CMakeFiles/Clion_MAX_test.elf.dir/Drivers/STM32F4xx_HAL_Driver/Src/stm32f4xx_hal_cortex.c.obj
                0x000000000800297a                HAL_NVIC_SetPriority
 .text.HAL_NVIC_EnableIRQ
                0x00000000080029b2       0x1c CMakeFiles/Clion_MAX_test.elf.dir/Drivers/STM32F4xx_HAL_Driver/Src/stm32f4xx_hal_cortex.c.obj
                0x00000000080029b2                HAL_NVIC_EnableIRQ
 .text.HAL_SYSTICK_Config
                0x00000000080029ce       0x18 CMakeFiles/Clion_MAX_test.elf.dir/Drivers/STM32F4xx_HAL_Driver/Src/stm32f4xx_hal_cortex.c.obj
                0x00000000080029ce                HAL_SYSTICK_Config
 *fill*         0x00000000080029e6        0x2 
 .text.HAL_SYSTICK_CLKSourceConfig
                0x00000000080029e8       0x38 CMakeFiles/Clion_MAX_test.elf.dir/Drivers/STM32F4xx_HAL_Driver/Src/stm32f4xx_hal_cortex.c.obj
                0x00000000080029e8                HAL_SYSTICK_CLKSourceConfig
 .text.HAL_DMA_Init
                0x0000000008002a20      0x15c CMakeFiles/Clion_MAX_test.elf.dir/Drivers/STM32F4xx_HAL_Driver/Src/stm32f4xx_hal_dma.c.obj
                0x0000000008002a20                HAL_DMA_Init
 .text.HAL_DMA_Start_IT
                0x0000000008002b7c       0xc0 CMakeFiles/Clion_MAX_test.elf.dir/Drivers/STM32F4xx_HAL_Driver/Src/stm32f4xx_hal_dma.c.obj
                0x0000000008002b7c                HAL_DMA_Start_IT
 .text.HAL_DMA_Abort_IT
                0x0000000008002c3c       0x44 CMakeFiles/Clion_MAX_test.elf.dir/Drivers/STM32F4xx_HAL_Driver/Src/stm32f4xx_hal_dma.c.obj
                0x0000000008002c3c                HAL_DMA_Abort_IT
 .text.HAL_DMA_IRQHandler
                0x0000000008002c80      0x314 CMakeFiles/Clion_MAX_test.elf.dir/Drivers/STM32F4xx_HAL_Driver/Src/stm32f4xx_hal_dma.c.obj
                0x0000000008002c80                HAL_DMA_IRQHandler
 .text.DMA_SetConfig
                0x0000000008002f94       0x5c CMakeFiles/Clion_MAX_test.elf.dir/Drivers/STM32F4xx_HAL_Driver/Src/stm32f4xx_hal_dma.c.obj
 .text.DMA_CalcBaseAndBitshift
                0x0000000008002ff0       0x6c CMakeFiles/Clion_MAX_test.elf.dir/Drivers/STM32F4xx_HAL_Driver/Src/stm32f4xx_hal_dma.c.obj
 .text.DMA_CheckFifoParam
                0x000000000800305c       0xf4 CMakeFiles/Clion_MAX_test.elf.dir/Drivers/STM32F4xx_HAL_Driver/Src/stm32f4xx_hal_dma.c.obj
 .text.HAL_GPIO_Init
                0x0000000008003150      0x354 CMakeFiles/Clion_MAX_test.elf.dir/Drivers/STM32F4xx_HAL_Driver/Src/stm32f4xx_hal_gpio.c.obj
                0x0000000008003150                HAL_GPIO_Init
 .text.HAL_GPIO_WritePin
                0x00000000080034a4       0x32 CMakeFiles/Clion_MAX_test.elf.dir/Drivers/STM32F4xx_HAL_Driver/Src/stm32f4xx_hal_gpio.c.obj
                0x00000000080034a4                HAL_GPIO_WritePin
 .text.HAL_GPIO_TogglePin
                0x00000000080034d6       0x24 CMakeFiles/Clion_MAX_test.elf.dir/Drivers/STM32F4xx_HAL_Driver/Src/stm32f4xx_hal_gpio.c.obj
                0x00000000080034d6                HAL_GPIO_TogglePin
 *fill*         0x00000000080034fa        0x2 
 .text.HAL_RCC_OscConfig
                0x00000000080034fc      0x484 CMakeFiles/Clion_MAX_test.elf.dir/Drivers/STM32F4xx_HAL_Driver/Src/stm32f4xx_hal_rcc.c.obj
                0x00000000080034fc                HAL_RCC_OscConfig
 .text.HAL_RCC_ClockConfig
                0x0000000008003980      0x1c4 CMakeFiles/Clion_MAX_test.elf.dir/Drivers/STM32F4xx_HAL_Driver/Src/stm32f4xx_hal_rcc.c.obj
                0x0000000008003980                HAL_RCC_ClockConfig
 .text.HAL_RCC_GetSysClockFreq
                0x0000000008003b44      0x1b0 CMakeFiles/Clion_MAX_test.elf.dir/Drivers/STM32F4xx_HAL_Driver/Src/stm32f4xx_hal_rcc.c.obj
                0x0000000008003b44                HAL_RCC_GetSysClockFreq
 .text.HAL_RCC_GetHCLKFreq
                0x0000000008003cf4       0x18 CMakeFiles/Clion_MAX_test.elf.dir/Drivers/STM32F4xx_HAL_Driver/Src/stm32f4xx_hal_rcc.c.obj
                0x0000000008003cf4                HAL_RCC_GetHCLKFreq
 .text.HAL_RCC_GetPCLK2Freq
                0x0000000008003d0c       0x28 CMakeFiles/Clion_MAX_test.elf.dir/Drivers/STM32F4xx_HAL_Driver/Src/stm32f4xx_hal_rcc.c.obj
                0x0000000008003d0c                HAL_RCC_GetPCLK2Freq
 .text.HAL_RCC_GetClockConfig
                0x0000000008003d34       0x64 CMakeFiles/Clion_MAX_test.elf.dir/Drivers/STM32F4xx_HAL_Driver/Src/stm32f4xx_hal_rcc.c.obj
                0x0000000008003d34                HAL_RCC_GetClockConfig
 .text.HAL_SPI_Init
                0x0000000008003d98       0xc8 CMakeFiles/Clion_MAX_test.elf.dir/Drivers/STM32F4xx_HAL_Driver/Src/stm32f4xx_hal_spi.c.obj
                0x0000000008003d98                HAL_SPI_Init
 .text.HAL_SPI_Transmit_DMA
                0x0000000008003e60      0x13c CMakeFiles/Clion_MAX_test.elf.dir/Drivers/STM32F4xx_HAL_Driver/Src/stm32f4xx_hal_spi.c.obj
                0x0000000008003e60                HAL_SPI_Transmit_DMA
 .text.HAL_SPI_IRQHandler
                0x0000000008003f9c      0x1b0 CMakeFiles/Clion_MAX_test.elf.dir/Drivers/STM32F4xx_HAL_Driver/Src/stm32f4xx_hal_spi.c.obj
                0x0000000008003f9c                HAL_SPI_IRQHandler
 .text.HAL_SPI_TxCpltCallback
                0x000000000800414c       0x14 CMakeFiles/Clion_MAX_test.elf.dir/Drivers/STM32F4xx_HAL_Driver/Src/stm32f4xx_hal_spi.c.obj
                0x000000000800414c                HAL_SPI_TxCpltCallback
 .text.HAL_SPI_TxHalfCpltCallback
                0x0000000008004160       0x14 CMakeFiles/Clion_MAX_test.elf.dir/Drivers/STM32F4xx_HAL_Driver/Src/stm32f4xx_hal_spi.c.obj
                0x0000000008004160                HAL_SPI_TxHalfCpltCallback
 .text.HAL_SPI_ErrorCallback
                0x0000000008004174       0x14 CMakeFiles/Clion_MAX_test.elf.dir/Drivers/STM32F4xx_HAL_Driver/Src/stm32f4xx_hal_spi.c.obj
                0x0000000008004174                HAL_SPI_ErrorCallback
 .text.SPI_DMATransmitCplt
                0x0000000008004188       0x9a CMakeFiles/Clion_MAX_test.elf.dir/Drivers/STM32F4xx_HAL_Driver/Src/stm32f4xx_hal_spi.c.obj
 .text.SPI_DMAHalfTransmitCplt
                0x0000000008004222       0x1c CMakeFiles/Clion_MAX_test.elf.dir/Drivers/STM32F4xx_HAL_Driver/Src/stm32f4xx_hal_spi.c.obj
 .text.SPI_DMAError
                0x000000000800423e       0x40 CMakeFiles/Clion_MAX_test.elf.dir/Drivers/STM32F4xx_HAL_Driver/Src/stm32f4xx_hal_spi.c.obj
 .text.SPI_DMAAbortOnError
                0x000000000800427e       0x28 CMakeFiles/Clion_MAX_test.elf.dir/Drivers/STM32F4xx_HAL_Driver/Src/stm32f4xx_hal_spi.c.obj
 .text.SPI_WaitFlagStateUntilTimeout
                0x00000000080042a6       0xd2 CMakeFiles/Clion_MAX_test.elf.dir/Drivers/STM32F4xx_HAL_Driver/Src/stm32f4xx_hal_spi.c.obj
 .text.SPI_CheckFlag_BSY
                0x0000000008004378       0x3c CMakeFiles/Clion_MAX_test.elf.dir/Drivers/STM32F4xx_HAL_Driver/Src/stm32f4xx_hal_spi.c.obj
 .text.HAL_TIM_Base_Init
                0x00000000080043b4       0x56 CMakeFiles/Clion_MAX_test.elf.dir/Drivers/STM32F4xx_HAL_Driver/Src/stm32f4xx_hal_tim.c.obj
                0x00000000080043b4                HAL_TIM_Base_Init
 .text.HAL_TIM_Base_MspInit
                0x000000000800440a       0x14 CMakeFiles/Clion_MAX_test.elf.dir/Drivers/STM32F4xx_HAL_Driver/Src/stm32f4xx_hal_tim.c.obj
                0x000000000800440a                HAL_TIM_Base_MspInit
 .text.HAL_TIM_Base_Start_IT
                0x000000000800441e       0x36 CMakeFiles/Clion_MAX_test.elf.dir/Drivers/STM32F4xx_HAL_Driver/Src/stm32f4xx_hal_tim.c.obj
                0x000000000800441e                HAL_TIM_Base_Start_IT
 .text.HAL_TIM_IRQHandler
                0x0000000008004454      0x210 CMakeFiles/Clion_MAX_test.elf.dir/Drivers/STM32F4xx_HAL_Driver/Src/stm32f4xx_hal_tim.c.obj
                0x0000000008004454                HAL_TIM_IRQHandler
 .text.HAL_TIM_OC_DelayElapsedCallback
                0x0000000008004664       0x14 CMakeFiles/Clion_MAX_test.elf.dir/Drivers/STM32F4xx_HAL_Driver/Src/stm32f4xx_hal_tim.c.obj
                0x0000000008004664                HAL_TIM_OC_DelayElapsedCallback
 .text.HAL_TIM_IC_CaptureCallback
                0x0000000008004678       0x14 CMakeFiles/Clion_MAX_test.elf.dir/Drivers/STM32F4xx_HAL_Driver/Src/stm32f4xx_hal_tim.c.obj
                0x0000000008004678                HAL_TIM_IC_CaptureCallback
 .text.HAL_TIM_PWM_PulseFinishedCallback
                0x000000000800468c       0x14 CMakeFiles/Clion_MAX_test.elf.dir/Drivers/STM32F4xx_HAL_Driver/Src/stm32f4xx_hal_tim.c.obj
                0x000000000800468c                HAL_TIM_PWM_PulseFinishedCallback
 .text.HAL_TIM_TriggerCallback
                0x00000000080046a0       0x14 CMakeFiles/Clion_MAX_test.elf.dir/Drivers/STM32F4xx_HAL_Driver/Src/stm32f4xx_hal_tim.c.obj
                0x00000000080046a0                HAL_TIM_TriggerCallback
 .text.TIM_Base_SetConfig
                0x00000000080046b4      0x154 CMakeFiles/Clion_MAX_test.elf.dir/Drivers/STM32F4xx_HAL_Driver/Src/stm32f4xx_hal_tim.c.obj
                0x00000000080046b4                TIM_Base_SetConfig
 .text.HAL_TIMEx_CommutationCallback
                0x0000000008004808       0x14 CMakeFiles/Clion_MAX_test.elf.dir/Drivers/STM32F4xx_HAL_Driver/Src/stm32f4xx_hal_tim_ex.c.obj
                0x0000000008004808                HAL_TIMEx_CommutationCallback
 .text.HAL_TIMEx_BreakCallback
                0x000000000800481c       0x14 CMakeFiles/Clion_MAX_test.elf.dir/Drivers/STM32F4xx_HAL_Driver/Src/stm32f4xx_hal_tim_ex.c.obj
                0x000000000800481c                HAL_TIMEx_BreakCallback
 .text.MX_DMA_Init
                0x0000000008004830       0x40 CMakeFiles/Clion_MAX_test.elf.dir/Src/dma.c.obj
                0x0000000008004830                MX_DMA_Init
 .text._ZN11MAX7219_Pin4highEv
                0x0000000008004870       0x20 CMakeFiles/Clion_MAX_test.elf.dir/Src/example.cpp.obj
                0x0000000008004870                MAX7219_Pin::high()
 .text._ZN11MAX7219_Pin3lowEv
                0x0000000008004890       0x20 CMakeFiles/Clion_MAX_test.elf.dir/Src/example.cpp.obj
                0x0000000008004890                MAX7219_Pin::low()
 .text.StartTaskDisplay
                0x00000000080048b0       0xf8 CMakeFiles/Clion_MAX_test.elf.dir/Src/example.cpp.obj
                0x00000000080048b0                StartTaskDisplay
 .text._ZN7MAX7219ILj3EEC2ER19__SPI_HandleTypeDef11MAX7219_Pin
                0x00000000080049a8       0x32 CMakeFiles/Clion_MAX_test.elf.dir/Src/example.cpp.obj
                0x00000000080049a8                MAX7219<3u>::MAX7219(__SPI_HandleTypeDef&, MAX7219_Pin)
                0x00000000080049a8                MAX7219<3u>::MAX7219(__SPI_HandleTypeDef&, MAX7219_Pin)
 .text._ZN20MAX7219_MatrixDispayILh3ELh1EEC2ER7MAX7219ILj3EE
                0x00000000080049da       0x1e CMakeFiles/Clion_MAX_test.elf.dir/Src/example.cpp.obj
                0x00000000080049da                MAX7219_MatrixDispay<(unsigned char)3, (unsigned char)1>::MAX7219_MatrixDispay(MAX7219<3u>&)
                0x00000000080049da                MAX7219_MatrixDispay<(unsigned char)3, (unsigned char)1>::MAX7219_MatrixDispay(MAX7219<3u>&)
 .text._ZN7MAX7219ILj3EE7powerOnEv
                0x00000000080049f8       0x1a CMakeFiles/Clion_MAX_test.elf.dir/Src/example.cpp.obj
                0x00000000080049f8                MAX7219<3u>::powerOn()
 .text._ZN7MAX7219ILj3EE9intensityEh
                0x0000000008004a12       0x26 CMakeFiles/Clion_MAX_test.elf.dir/Src/example.cpp.obj
                0x0000000008004a12                MAX7219<3u>::intensity(unsigned char)
 .text._ZN7MAX7219ILj3EE9scanLimitEh
                0x0000000008004a38       0x26 CMakeFiles/Clion_MAX_test.elf.dir/Src/example.cpp.obj
                0x0000000008004a38                MAX7219<3u>::scanLimit(unsigned char)
 .text._ZN20MAX7219_MatrixDispayILh3ELh1EE10writePixelEhhb
                0x0000000008004a5e       0x7e CMakeFiles/Clion_MAX_test.elf.dir/Src/example.cpp.obj
                0x0000000008004a5e                MAX7219_MatrixDispay<(unsigned char)3, (unsigned char)1>::writePixel(unsigned char, unsigned char, bool)
 .text._ZN20MAX7219_MatrixDispayILh3ELh1EE5writeEv
                0x0000000008004adc       0x40 CMakeFiles/Clion_MAX_test.elf.dir/Src/example.cpp.obj
                0x0000000008004adc                MAX7219_MatrixDispay<(unsigned char)3, (unsigned char)1>::write()
 .text._ZN7MAX7219ILj3EE10sendPacketE16MAX7219_Registerh
                0x0000000008004b1c       0x60 CMakeFiles/Clion_MAX_test.elf.dir/Src/example.cpp.obj
                0x0000000008004b1c                MAX7219<3u>::sendPacket(MAX7219_Register, unsigned char)
 .text._ZN20MAX7219_MatrixDispayILh3ELh1EE7getByteEhh
                0x0000000008004b7c       0x5a CMakeFiles/Clion_MAX_test.elf.dir/Src/example.cpp.obj
                0x0000000008004b7c                MAX7219_MatrixDispay<(unsigned char)3, (unsigned char)1>::getByte(unsigned char, unsigned char)
 .text._ZNSt5arrayIS_IhLj3EELj8EEixEj
                0x0000000008004bd6       0x1e CMakeFiles/Clion_MAX_test.elf.dir/Src/example.cpp.obj
                0x0000000008004bd6                std::array<std::array<unsigned char, 3u>, 8u>::operator[](unsigned int)
 .text._ZN7MAX7219ILj3EE9sendDigitEhRKSt5arrayIhLj3EE
                0x0000000008004bf4       0x68 CMakeFiles/Clion_MAX_test.elf.dir/Src/example.cpp.obj
                0x0000000008004bf4                MAX7219<3u>::sendDigit(unsigned char, std::array<unsigned char, 3u> const&)
 .text._ZNSt5arrayItLj3EE5beginEv
                0x0000000008004c5c       0x18 CMakeFiles/Clion_MAX_test.elf.dir/Src/example.cpp.obj
                0x0000000008004c5c                std::array<unsigned short, 3u>::begin()
 .text._ZNSt5arrayItLj3EE3endEv
                0x0000000008004c74       0x1a CMakeFiles/Clion_MAX_test.elf.dir/Src/example.cpp.obj
                0x0000000008004c74                std::array<unsigned short, 3u>::end()
 .text._ZN7MAX7219ILj3EE10makePacketE16MAX7219_Registerh
                0x0000000008004c8e       0x2c CMakeFiles/Clion_MAX_test.elf.dir/Src/example.cpp.obj
                0x0000000008004c8e                MAX7219<3u>::makePacket(MAX7219_Register, unsigned char)
 *fill*         0x0000000008004cba        0x2 
 .text._ZN7MAX7219ILj3EE11sendPacketsILj3EEEvRKSt5arrayItXT_EE
                0x0000000008004cbc       0x84 CMakeFiles/Clion_MAX_test.elf.dir/Src/example.cpp.obj
                0x0000000008004cbc                void MAX7219<3u>::sendPackets<3u>(std::array<unsigned short, 3u> const&)
 .text._ZNSt5arrayIhLj3EEixEj
                0x0000000008004d40       0x1e CMakeFiles/Clion_MAX_test.elf.dir/Src/example.cpp.obj
                0x0000000008004d40                std::array<unsigned char, 3u>::operator[](unsigned int)
 .text._ZNSt14__array_traitsISt5arrayIhLj3EELj8EE6_S_refERA8_KS1_j
                0x0000000008004d5e       0x22 CMakeFiles/Clion_MAX_test.elf.dir/Src/example.cpp.obj
                0x0000000008004d5e                std::__array_traits<std::array<unsigned char, 3u>, 8u>::_S_ref(std::array<unsigned char, 3u> const (&) [8], unsigned int)
 .text._ZNSt5arrayItLj3EEixEj
                0x0000000008004d80       0x1e CMakeFiles/Clion_MAX_test.elf.dir/Src/example.cpp.obj
                0x0000000008004d80                std::array<unsigned short, 3u>::operator[](unsigned int)
 .text._ZNKSt5arrayIhLj3EEixEj
                0x0000000008004d9e       0x1e CMakeFiles/Clion_MAX_test.elf.dir/Src/example.cpp.obj
                0x0000000008004d9e                std::array<unsigned char, 3u>::operator[](unsigned int) const
 .text._ZNSt5arrayItLj3EE4dataEv
                0x0000000008004dbc       0x1a CMakeFiles/Clion_MAX_test.elf.dir/Src/example.cpp.obj
                0x0000000008004dbc                std::array<unsigned short, 3u>::data()
 .text._ZNKSt5arrayItLj3EE4dataEv
                0x0000000008004dd6       0x1a CMakeFiles/Clion_MAX_test.elf.dir/Src/example.cpp.obj
                0x0000000008004dd6                std::array<unsigned short, 3u>::data() const
 .text._ZNSt14__array_traitsIhLj3EE6_S_refERA3_Khj
                0x0000000008004df0       0x1c CMakeFiles/Clion_MAX_test.elf.dir/Src/example.cpp.obj
                0x0000000008004df0                std::__array_traits<unsigned char, 3u>::_S_ref(unsigned char const (&) [3], unsigned int)
 .text._ZNSt14__array_traitsItLj3EE6_S_refERA3_Ktj
                0x0000000008004e0c       0x1e CMakeFiles/Clion_MAX_test.elf.dir/Src/example.cpp.obj
                0x0000000008004e0c                std::__array_traits<unsigned short, 3u>::_S_ref(unsigned short const (&) [3], unsigned int)
 .text._ZNSt14__array_traitsItLj3EE6_S_ptrERA3_Kt
                0x0000000008004e2a       0x16 CMakeFiles/Clion_MAX_test.elf.dir/Src/example.cpp.obj
                0x0000000008004e2a                std::__array_traits<unsigned short, 3u>::_S_ptr(unsigned short const (&) [3])
 .text.MX_FREERTOS_Init
                0x0000000008004e40       0xb4 CMakeFiles/Clion_MAX_test.elf.dir/Src/freertos.c.obj
                0x0000000008004e40                MX_FREERTOS_Init
 .text.StartDefaultTask
                0x0000000008004ef4       0x10 CMakeFiles/Clion_MAX_test.elf.dir/Src/freertos.c.obj
                0x0000000008004ef4                StartDefaultTask
 .text.StartTaskLD3
                0x0000000008004f04       0x20 CMakeFiles/Clion_MAX_test.elf.dir/Src/freertos.c.obj
                0x0000000008004f04                StartTaskLD3
 .text.StartTaskLD4
                0x0000000008004f24       0x10 CMakeFiles/Clion_MAX_test.elf.dir/Src/freertos.c.obj
                0x0000000008004f24                StartTaskLD4
 .text.MX_GPIO_Init
                0x0000000008004f34      0x24c CMakeFiles/Clion_MAX_test.elf.dir/Src/gpio.c.obj
                0x0000000008004f34                MX_GPIO_Init
 .text.main     0x0000000008005180       0x30 CMakeFiles/Clion_MAX_test.elf.dir/Src/main.c.obj
                0x0000000008005180                main
 .text.SystemClock_Config
                0x00000000080051b0       0xec CMakeFiles/Clion_MAX_test.elf.dir/Src/main.c.obj
                0x00000000080051b0                SystemClock_Config
 .text.HAL_TIM_PeriodElapsedCallback
                0x000000000800529c       0x24 CMakeFiles/Clion_MAX_test.elf.dir/Src/main.c.obj
                0x000000000800529c                HAL_TIM_PeriodElapsedCallback
 .text._Error_Handler
                0x00000000080052c0        0xc CMakeFiles/Clion_MAX_test.elf.dir/Src/main.c.obj
                0x00000000080052c0                _Error_Handler
 .text.MX_SPI5_Init
                0x00000000080052cc       0x78 CMakeFiles/Clion_MAX_test.elf.dir/Src/spi.c.obj
                0x00000000080052cc                MX_SPI5_Init
 .text.HAL_SPI_MspInit
                0x0000000008005344       0xe4 CMakeFiles/Clion_MAX_test.elf.dir/Src/spi.c.obj
                0x0000000008005344                HAL_SPI_MspInit
 .text.HAL_MspInit
                0x0000000008005428       0x62 CMakeFiles/Clion_MAX_test.elf.dir/Src/stm32f4xx_hal_msp.c.obj
                0x0000000008005428                HAL_MspInit
 *fill*         0x000000000800548a        0x2 
 .text.HAL_InitTick
                0x000000000800548c       0xb4 CMakeFiles/Clion_MAX_test.elf.dir/Src/stm32f4xx_hal_timebase_TIM.c.obj
                0x000000000800548c                HAL_InitTick
 .text.SysTick_Handler
                0x0000000008005540        0xc CMakeFiles/Clion_MAX_test.elf.dir/Src/stm32f4xx_it.c.obj
                0x0000000008005540                SysTick_Handler
 .text.TIM8_UP_TIM13_IRQHandler
                0x000000000800554c       0x14 CMakeFiles/Clion_MAX_test.elf.dir/Src/stm32f4xx_it.c.obj
                0x000000000800554c                TIM8_UP_TIM13_IRQHandler
 .text.DMA2_Stream4_IRQHandler
                0x0000000008005560       0x14 CMakeFiles/Clion_MAX_test.elf.dir/Src/stm32f4xx_it.c.obj
                0x0000000008005560                DMA2_Stream4_IRQHandler
 .text.SPI5_IRQHandler
                0x0000000008005574       0x14 CMakeFiles/Clion_MAX_test.elf.dir/Src/stm32f4xx_it.c.obj
                0x0000000008005574                SPI5_IRQHandler
 .text.SystemInit
                0x0000000008005588       0x6c CMakeFiles/Clion_MAX_test.elf.dir/Src/system_stm32f4xx.c.obj
                0x0000000008005588                SystemInit
 .text._strlen  0x00000000080055f4       0x3c CMakeFiles/Clion_MAX_test.elf.dir/RTT/SEGGER_RTT.c.obj
 .text._Init    0x0000000008005630       0x20 CMakeFiles/Clion_MAX_test.elf.dir/RTT/SEGGER_RTT.c.obj
 .text.SEGGER_RTT_Write
                0x0000000008005650      0x224 CMakeFiles/Clion_MAX_test.elf.dir/RTT/SEGGER_RTT.c.obj
                0x0000000008005650                SEGGER_RTT_Write
 .text.SEGGER_RTT_WriteString
                0x0000000008005874       0x28 CMakeFiles/Clion_MAX_test.elf.dir/RTT/SEGGER_RTT.c.obj
                0x0000000008005874                SEGGER_RTT_WriteString
 .text.abort    0x000000000800589c        0xe /usr/bin/../lib/gcc/arm-none-eabi/7.2.1/../../../../arm-none-eabi/lib/thumb/v7e-m/fpv4-sp/hard/libg_nano.a(lib_a-abort.o)
                0x000000000800589c                abort
 *fill*         0x00000000080058aa        0x2 
 .text.__libc_init_array
                0x00000000080058ac       0x48 /usr/bin/../lib/gcc/arm-none-eabi/7.2.1/../../../../arm-none-eabi/lib/thumb/v7e-m/fpv4-sp/hard/libg_nano.a(lib_a-init.o)
                0x00000000080058ac                __libc_init_array
 .text.memcpy   0x00000000080058f4       0x16 /usr/bin/../lib/gcc/arm-none-eabi/7.2.1/../../../../arm-none-eabi/lib/thumb/v7e-m/fpv4-sp/hard/libg_nano.a(lib_a-memcpy-stub.o)
                0x00000000080058f4                memcpy
 .text._raise_r
                0x000000000800590a       0x50 /usr/bin/../lib/gcc/arm-none-eabi/7.2.1/../../../../arm-none-eabi/lib/thumb/v7e-m/fpv4-sp/hard/libg_nano.a(lib_a-signal.o)
                0x000000000800590a                _raise_r
 *fill*         0x000000000800595a        0x2 
 .text.raise    0x000000000800595c       0x10 /usr/bin/../lib/gcc/arm-none-eabi/7.2.1/../../../../arm-none-eabi/lib/thumb/v7e-m/fpv4-sp/hard/libg_nano.a(lib_a-signal.o)
                0x000000000800595c                raise
 .text._kill_r  0x000000000800596c       0x24 /usr/bin/../lib/gcc/arm-none-eabi/7.2.1/../../../../arm-none-eabi/lib/thumb/v7e-m/fpv4-sp/hard/libg_nano.a(lib_a-signalr.o)
                0x000000000800596c                _kill_r
 .text._getpid_r
                0x0000000008005990        0x4 /usr/bin/../lib/gcc/arm-none-eabi/7.2.1/../../../../arm-none-eabi/lib/thumb/v7e-m/fpv4-sp/hard/libg_nano.a(lib_a-signalr.o)
                0x0000000008005990                _getpid_r
 .text._getpid  0x0000000008005994       0x10 /usr/bin/../lib/gcc/arm-none-eabi/7.2.1/../../../../arm-none-eabi/lib/thumb/v7e-m/fpv4-sp/hard/libnosys.a(getpid.o)
                0x0000000008005994                _getpid
 .text._kill    0x00000000080059a4       0x10 /usr/bin/../lib/gcc/arm-none-eabi/7.2.1/../../../../arm-none-eabi/lib/thumb/v7e-m/fpv4-sp/hard/libnosys.a(kill.o)
                0x00000000080059a4                _kill
 .text._exit    0x00000000080059b4        0x4 /usr/bin/../lib/gcc/arm-none-eabi/7.2.1/../../../../arm-none-eabi/lib/thumb/v7e-m/fpv4-sp/hard/libnosys.a(_exit.o)
                0x00000000080059b4                _exit
 *(.glue_7)
 .glue_7        0x00000000080059b8        0x0 linker stubs
 *(.glue_7t)
 .glue_7t       0x00000000080059b8        0x0 linker stubs
 *(.eh_frame)
 .eh_frame      0x00000000080059b8        0x0 /usr/bin/../lib/gcc/arm-none-eabi/7.2.1/thumb/v7e-m/fpv4-sp/hard/crtbegin.o
 *(.init)
 .init          0x00000000080059b8        0x4 /usr/bin/../lib/gcc/arm-none-eabi/7.2.1/thumb/v7e-m/fpv4-sp/hard/crti.o
                0x00000000080059b8                _init
 .init          0x00000000080059bc        0x8 /usr/bin/../lib/gcc/arm-none-eabi/7.2.1/thumb/v7e-m/fpv4-sp/hard/crtn.o
 *(.fini)
 .fini          0x00000000080059c4        0x4 /usr/bin/../lib/gcc/arm-none-eabi/7.2.1/thumb/v7e-m/fpv4-sp/hard/crti.o
                0x00000000080059c4                _fini
 .fini          0x00000000080059c8        0x8 /usr/bin/../lib/gcc/arm-none-eabi/7.2.1/thumb/v7e-m/fpv4-sp/hard/crtn.o
                0x00000000080059d0                . = ALIGN (0x4)
                0x00000000080059d0                _etext = .

.vfp11_veneer   0x00000000080059d0        0x0
 .vfp11_veneer  0x00000000080059d0        0x0 linker stubs

.v4_bx          0x00000000080059d0        0x0
 .v4_bx         0x00000000080059d0        0x0 linker stubs

.iplt           0x00000000080059d0        0x0
 .iplt          0x00000000080059d0        0x0 /usr/bin/../lib/gcc/arm-none-eabi/7.2.1/thumb/v7e-m/fpv4-sp/hard/crtbegin.o

.rodata         0x00000000080059d0      0x178
                0x00000000080059d0                . = ALIGN (0x4)
 *(.rodata)
 .rodata        0x00000000080059d0        0x5 CMakeFiles/Clion_MAX_test.elf.dir/Middlewares/Third_Party/FreeRTOS/Source/tasks.c.obj
 *fill*         0x00000000080059d5        0x3 
 .rodata        0x00000000080059d8       0x30 CMakeFiles/Clion_MAX_test.elf.dir/Src/example.cpp.obj
 .rodata        0x0000000008005a08       0x84 CMakeFiles/Clion_MAX_test.elf.dir/Src/freertos.c.obj
 .rodata        0x0000000008005a8c       0x5c CMakeFiles/Clion_MAX_test.elf.dir/Src/main.c.obj
 .rodata        0x0000000008005ae8       0x33 CMakeFiles/Clion_MAX_test.elf.dir/Src/spi.c.obj
 *fill*         0x0000000008005b1b        0x1 
 .rodata        0x0000000008005b1c        0x9 CMakeFiles/Clion_MAX_test.elf.dir/RTT/SEGGER_RTT.c.obj
 *(.rodata*)
 *fill*         0x0000000008005b25        0x3 
 .rodata.flagBitshiftOffset.9126
                0x0000000008005b28        0x8 CMakeFiles/Clion_MAX_test.elf.dir/Drivers/STM32F4xx_HAL_Driver/Src/stm32f4xx_hal_dma.c.obj
 .rodata.AHBPrescTable
                0x0000000008005b30       0x10 CMakeFiles/Clion_MAX_test.elf.dir/Src/system_stm32f4xx.c.obj
                0x0000000008005b30                AHBPrescTable
 .rodata.APBPrescTable
                0x0000000008005b40        0x8 CMakeFiles/Clion_MAX_test.elf.dir/Src/system_stm32f4xx.c.obj
                0x0000000008005b40                APBPrescTable
                0x0000000008005b48                . = ALIGN (0x4)

.ARM.extab      0x0000000008005b48       0x84
 *(.ARM.extab* .gnu.linkonce.armextab.*)
 .ARM.extab.text._ZN11MAX7219_Pin4highEv
                0x0000000008005b48        0xc CMakeFiles/Clion_MAX_test.elf.dir/Src/example.cpp.obj
 .ARM.extab.text._ZN11MAX7219_Pin3lowEv
                0x0000000008005b54        0xc CMakeFiles/Clion_MAX_test.elf.dir/Src/example.cpp.obj
 .ARM.extab.text.StartTaskDisplay
                0x0000000008005b60        0xc CMakeFiles/Clion_MAX_test.elf.dir/Src/example.cpp.obj
 .ARM.extab.text._ZN7MAX7219ILj3EEC2ER19__SPI_HandleTypeDef11MAX7219_Pin
                0x0000000008005b6c        0x0 CMakeFiles/Clion_MAX_test.elf.dir/Src/example.cpp.obj
 .ARM.extab.text._ZN20MAX7219_MatrixDispayILh3ELh1EEC2ER7MAX7219ILj3EE
                0x0000000008005b6c        0x0 CMakeFiles/Clion_MAX_test.elf.dir/Src/example.cpp.obj
 .ARM.extab.text._ZN7MAX7219ILj3EE7powerOnEv
                0x0000000008005b6c        0xc CMakeFiles/Clion_MAX_test.elf.dir/Src/example.cpp.obj
 .ARM.extab.text._ZN7MAX7219ILj3EE9intensityEh
                0x0000000008005b78        0xc CMakeFiles/Clion_MAX_test.elf.dir/Src/example.cpp.obj
 .ARM.extab.text._ZN7MAX7219ILj3EE9scanLimitEh
                0x0000000008005b84        0xc CMakeFiles/Clion_MAX_test.elf.dir/Src/example.cpp.obj
 .ARM.extab.text._ZN20MAX7219_MatrixDispayILh3ELh1EE10writePixelEhhb
                0x0000000008005b90        0x0 CMakeFiles/Clion_MAX_test.elf.dir/Src/example.cpp.obj
 .ARM.extab.text._ZN20MAX7219_MatrixDispayILh3ELh1EE5writeEv
                0x0000000008005b90        0xc CMakeFiles/Clion_MAX_test.elf.dir/Src/example.cpp.obj
 .ARM.extab.text._ZN7MAX7219ILj3EE10sendPacketE16MAX7219_Registerh
                0x0000000008005b9c        0xc CMakeFiles/Clion_MAX_test.elf.dir/Src/example.cpp.obj
 .ARM.extab.text._ZN20MAX7219_MatrixDispayILh3ELh1EE7getByteEhh
                0x0000000008005ba8        0x0 CMakeFiles/Clion_MAX_test.elf.dir/Src/example.cpp.obj
 .ARM.extab.text._ZNSt5arrayIS_IhLj3EELj8EEixEj
                0x0000000008005ba8        0x0 CMakeFiles/Clion_MAX_test.elf.dir/Src/example.cpp.obj
 .ARM.extab.text._ZN7MAX7219ILj3EE9sendDigitEhRKSt5arrayIhLj3EE
                0x0000000008005ba8        0x0 CMakeFiles/Clion_MAX_test.elf.dir/Src/example.cpp.obj
 .ARM.extab.text._ZNSt5arrayItLj3EE5beginEv
                0x0000000008005ba8        0x0 CMakeFiles/Clion_MAX_test.elf.dir/Src/example.cpp.obj
 .ARM.extab.text._ZNSt5arrayItLj3EE3endEv
                0x0000000008005ba8        0x0 CMakeFiles/Clion_MAX_test.elf.dir/Src/example.cpp.obj
 .ARM.extab.text._ZN7MAX7219ILj3EE10makePacketE16MAX7219_Registerh
                0x0000000008005ba8        0x0 CMakeFiles/Clion_MAX_test.elf.dir/Src/example.cpp.obj
 .ARM.extab.text._ZN7MAX7219ILj3EE11sendPacketsILj3EEEvRKSt5arrayItXT_EE
                0x0000000008005ba8        0xc CMakeFiles/Clion_MAX_test.elf.dir/Src/example.cpp.obj
 .ARM.extab.text._ZNSt5arrayIhLj3EEixEj
                0x0000000008005bb4        0x0 CMakeFiles/Clion_MAX_test.elf.dir/Src/example.cpp.obj
 .ARM.extab.text._ZNSt14__array_traitsISt5arrayIhLj3EELj8EE6_S_refERA8_KS1_j
                0x0000000008005bb4        0x0 CMakeFiles/Clion_MAX_test.elf.dir/Src/example.cpp.obj
 .ARM.extab.text._ZNSt5arrayItLj3EEixEj
                0x0000000008005bb4        0x0 CMakeFiles/Clion_MAX_test.elf.dir/Src/example.cpp.obj
 .ARM.extab.text._ZNKSt5arrayIhLj3EEixEj
                0x0000000008005bb4        0x0 CMakeFiles/Clion_MAX_test.elf.dir/Src/example.cpp.obj
 .ARM.extab.text._ZNSt5arrayItLj3EE4dataEv
                0x0000000008005bb4        0x0 CMakeFiles/Clion_MAX_test.elf.dir/Src/example.cpp.obj
 .ARM.extab.text._ZNKSt5arrayItLj3EE4dataEv
                0x0000000008005bb4        0x0 CMakeFiles/Clion_MAX_test.elf.dir/Src/example.cpp.obj
 .ARM.extab.text._ZNSt14__array_traitsIhLj3EE6_S_refERA3_Khj
                0x0000000008005bb4        0x0 CMakeFiles/Clion_MAX_test.elf.dir/Src/example.cpp.obj
 .ARM.extab.text._ZNSt14__array_traitsItLj3EE6_S_refERA3_Ktj
                0x0000000008005bb4        0x0 CMakeFiles/Clion_MAX_test.elf.dir/Src/example.cpp.obj
 .ARM.extab.text._ZNSt14__array_traitsItLj3EE6_S_ptrERA3_Kt
                0x0000000008005bb4        0x0 CMakeFiles/Clion_MAX_test.elf.dir/Src/example.cpp.obj
 .ARM.extab     0x0000000008005bb4       0x18 /usr/bin/../lib/gcc/arm-none-eabi/7.2.1/thumb/v7e-m/fpv4-sp/hard/libgcc.a(pr-support.o)

.ARM            0x0000000008005bcc      0x130
                0x0000000008005bcc                __exidx_start = .
 *(.ARM.exidx*)
 .ARM.exidx.text._ZN11MAX7219_Pin4highEv
                0x0000000008005c84        0x8 CMakeFiles/Clion_MAX_test.elf.dir/Src/example.cpp.obj
 .ARM.exidx.text._ZN11MAX7219_Pin3lowEv
                0x0000000008005c8c        0x8 CMakeFiles/Clion_MAX_test.elf.dir/Src/example.cpp.obj
 .ARM.exidx.text.StartTaskDisplay
                0x0000000008005c94        0x8 CMakeFiles/Clion_MAX_test.elf.dir/Src/example.cpp.obj
 .ARM.exidx.text._ZN7MAX7219ILj3EEC2ER19__SPI_HandleTypeDef11MAX7219_Pin
                0x0000000008005c9c        0x8 CMakeFiles/Clion_MAX_test.elf.dir/Src/example.cpp.obj
 .ARM.exidx.text._ZN20MAX7219_MatrixDispayILh3ELh1EEC2ER7MAX7219ILj3EE
                0x0000000008005ca4        0x0 CMakeFiles/Clion_MAX_test.elf.dir/Src/example.cpp.obj
                                          0x8 (size before relaxing)
 .ARM.exidx.text._ZN7MAX7219ILj3EE7powerOnEv
                0x0000000008005ca4        0x8 CMakeFiles/Clion_MAX_test.elf.dir/Src/example.cpp.obj
 .ARM.exidx.text._ZN7MAX7219ILj3EE9intensityEh
                0x0000000008005cac        0x8 CMakeFiles/Clion_MAX_test.elf.dir/Src/example.cpp.obj
 .ARM.exidx.text._ZN7MAX7219ILj3EE9scanLimitEh
                0x0000000008005cb4        0x8 CMakeFiles/Clion_MAX_test.elf.dir/Src/example.cpp.obj
 .ARM.exidx.text._ZN20MAX7219_MatrixDispayILh3ELh1EE10writePixelEhhb
                0x0000000008005cbc        0x8 CMakeFiles/Clion_MAX_test.elf.dir/Src/example.cpp.obj
 .ARM.exidx.text._ZN20MAX7219_MatrixDispayILh3ELh1EE5writeEv
                0x0000000008005cc4        0x8 CMakeFiles/Clion_MAX_test.elf.dir/Src/example.cpp.obj
 .ARM.exidx.text._ZN7MAX7219ILj3EE10sendPacketE16MAX7219_Registerh
                0x0000000008005ccc        0x8 CMakeFiles/Clion_MAX_test.elf.dir/Src/example.cpp.obj
 .ARM.exidx.text._ZN20MAX7219_MatrixDispayILh3ELh1EE7getByteEhh
                0x0000000008005cd4        0x8 CMakeFiles/Clion_MAX_test.elf.dir/Src/example.cpp.obj
 .ARM.exidx.text._ZNSt5arrayIS_IhLj3EELj8EEixEj
                0x0000000008005cdc        0x0 CMakeFiles/Clion_MAX_test.elf.dir/Src/example.cpp.obj
                                          0x8 (size before relaxing)
 .ARM.exidx.text._ZN7MAX7219ILj3EE9sendDigitEhRKSt5arrayIhLj3EE
                0x0000000008005cdc        0x8 CMakeFiles/Clion_MAX_test.elf.dir/Src/example.cpp.obj
 .ARM.exidx.text._ZNSt5arrayItLj3EE5beginEv
                0x0000000008005ce4        0x8 CMakeFiles/Clion_MAX_test.elf.dir/Src/example.cpp.obj
 .ARM.exidx.text._ZNSt5arrayItLj3EE3endEv
                0x0000000008005cec        0x0 CMakeFiles/Clion_MAX_test.elf.dir/Src/example.cpp.obj
                                          0x8 (size before relaxing)
 .ARM.exidx.text._ZN7MAX7219ILj3EE10makePacketE16MAX7219_Registerh
                0x0000000008005cec        0x0 CMakeFiles/Clion_MAX_test.elf.dir/Src/example.cpp.obj
                                          0x8 (size before relaxing)
 .ARM.exidx.text._ZN7MAX7219ILj3EE11sendPacketsILj3EEEvRKSt5arrayItXT_EE
                0x0000000008005cec        0x8 CMakeFiles/Clion_MAX_test.elf.dir/Src/example.cpp.obj
 .ARM.exidx.text._ZNSt5arrayIhLj3EEixEj
                0x0000000008005cf4        0x8 CMakeFiles/Clion_MAX_test.elf.dir/Src/example.cpp.obj
 .ARM.exidx.text._ZNSt14__array_traitsISt5arrayIhLj3EELj8EE6_S_refERA8_KS1_j
                0x0000000008005cfc        0x0 CMakeFiles/Clion_MAX_test.elf.dir/Src/example.cpp.obj
                                          0x8 (size before relaxing)
 .ARM.exidx.text._ZNSt5arrayItLj3EEixEj
                0x0000000008005cfc        0x0 CMakeFiles/Clion_MAX_test.elf.dir/Src/example.cpp.obj
                                          0x8 (size before relaxing)
 .ARM.exidx.text._ZNKSt5arrayIhLj3EEixEj
                0x0000000008005cfc        0x0 CMakeFiles/Clion_MAX_test.elf.dir/Src/example.cpp.obj
                                          0x8 (size before relaxing)
 .ARM.exidx.text._ZNSt5arrayItLj3EE4dataEv
                0x0000000008005cfc        0x0 CMakeFiles/Clion_MAX_test.elf.dir/Src/example.cpp.obj
                                          0x8 (size before relaxing)
 .ARM.exidx.text._ZNKSt5arrayItLj3EE4dataEv
                0x0000000008005cfc        0x0 CMakeFiles/Clion_MAX_test.elf.dir/Src/example.cpp.obj
                                          0x8 (size before relaxing)
 .ARM.exidx.text._ZNSt14__array_traitsIhLj3EE6_S_refERA3_Khj
                0x0000000008005cfc        0x0 CMakeFiles/Clion_MAX_test.elf.dir/Src/example.cpp.obj
                                          0x8 (size before relaxing)
 .ARM.exidx.text._ZNSt14__array_traitsItLj3EE6_S_refERA3_Ktj
                0x0000000008005cfc        0x0 CMakeFiles/Clion_MAX_test.elf.dir/Src/example.cpp.obj
                                          0x8 (size before relaxing)
 .ARM.exidx.text._ZNSt14__array_traitsItLj3EE6_S_ptrERA3_Kt
                0x0000000008005cfc        0x0 CMakeFiles/Clion_MAX_test.elf.dir/Src/example.cpp.obj
                                          0x8 (size before relaxing)
 .ARM.exidx     0x0000000008005bcc        0x8 /usr/bin/../lib/gcc/arm-none-eabi/7.2.1/thumb/v7e-m/fpv4-sp/hard/libgcc.a(_udivmoddi4.o)
 .ARM.exidx     0x0000000008005bd4       0x78 /usr/bin/../lib/gcc/arm-none-eabi/7.2.1/thumb/v7e-m/fpv4-sp/hard/libgcc.a(unwind-arm.o)
                                         0xd8 (size before relaxing)
 .ARM.exidx     0x0000000008005c4c       0x38 /usr/bin/../lib/gcc/arm-none-eabi/7.2.1/thumb/v7e-m/fpv4-sp/hard/libgcc.a(pr-support.o)
                                         0x48 (size before relaxing)
                0x0000000008005cfc                __exidx_end = .

.rel.dyn        0x0000000008005cfc        0x0
 .rel.iplt      0x0000000008005cfc        0x0 /usr/bin/../lib/gcc/arm-none-eabi/7.2.1/thumb/v7e-m/fpv4-sp/hard/crtbegin.o

.preinit_array  0x0000000008005cfc        0x0
                0x0000000008005cfc                PROVIDE (__preinit_array_start, .)
 *(.preinit_array*)
                0x0000000008005cfc                PROVIDE (__preinit_array_end, .)

.init_array     0x0000000008005cfc        0x4
                0x0000000008005cfc                PROVIDE (__init_array_start, .)
 *(SORT_BY_NAME(.init_array.*))
 *(.init_array*)
 .init_array    0x0000000008005cfc        0x4 /usr/bin/../lib/gcc/arm-none-eabi/7.2.1/thumb/v7e-m/fpv4-sp/hard/crtbegin.o
                0x0000000008005d00                PROVIDE (__init_array_end, .)

.fini_array     0x0000000008005d00        0x4
                [!provide]                        PROVIDE (__fini_array_start, .)
 *(SORT_BY_NAME(.fini_array.*))
 *(.fini_array*)
 .fini_array    0x0000000008005d00        0x4 /usr/bin/../lib/gcc/arm-none-eabi/7.2.1/thumb/v7e-m/fpv4-sp/hard/crtbegin.o
                [!provide]                        PROVIDE (__fini_array_end, .)
                0x0000000008005d04                _sidata = LOADADDR (.data)

.data           0x0000000020000000       0xe8 load address 0x0000000008005d04
                0x0000000020000000                . = ALIGN (0x4)
                0x0000000020000000                _sdata = .
 *(.data)
 *(.data*)
 .data.uxCriticalNesting
                0x0000000020000000        0x4 CMakeFiles/Clion_MAX_test.elf.dir/Middlewares/Third_Party/FreeRTOS/Source/portable/GCC/ARM_CM4F/port.c.obj
 .data.uwTickFreq
                0x0000000020000004        0x1 CMakeFiles/Clion_MAX_test.elf.dir/Drivers/STM32F4xx_HAL_Driver/Src/stm32f4xx_hal.c.obj
                0x0000000020000004                uwTickFreq
 *fill*         0x0000000020000005        0x3 
 .data.SystemCoreClock
                0x0000000020000008        0x4 CMakeFiles/Clion_MAX_test.elf.dir/Src/system_stm32f4xx.c.obj
                0x0000000020000008                SystemCoreClock
 .data._SEGGER_RTT
                0x000000002000000c       0x78 CMakeFiles/Clion_MAX_test.elf.dir/RTT/SEGGER_RTT.c.obj
 .data._impure_ptr
                0x0000000020000084        0x4 /usr/bin/../lib/gcc/arm-none-eabi/7.2.1/../../../../arm-none-eabi/lib/thumb/v7e-m/fpv4-sp/hard/libg_nano.a(lib_a-impure.o)
                0x0000000020000084                _impure_ptr
 .data.impure_data
                0x0000000020000088       0x60 /usr/bin/../lib/gcc/arm-none-eabi/7.2.1/../../../../arm-none-eabi/lib/thumb/v7e-m/fpv4-sp/hard/libg_nano.a(lib_a-impure.o)
                0x00000000200000e8                . = ALIGN (0x4)
                0x00000000200000e8                _edata = .
                0x0000000008005dec                _siccmram = LOADADDR (.ccmram)

.igot.plt       0x00000000200000e8        0x0 load address 0x0000000008005dec
 .igot.plt      0x00000000200000e8        0x0 /usr/bin/../lib/gcc/arm-none-eabi/7.2.1/thumb/v7e-m/fpv4-sp/hard/crtbegin.o

.ccmram         0x0000000010000000        0x0 load address 0x0000000008005dec
                0x0000000010000000                . = ALIGN (0x4)
                0x0000000010000000                _sccmram = .
 *(.ccmram)
 *(.ccmram*)
                0x0000000010000000                . = ALIGN (0x4)
                0x0000000010000000                _eccmram = .
                0x0000000010000000                . = ALIGN (0x4)

.bss            0x00000000200000e8     0x4284
                0x00000000200000e8                _sbss = .
                0x00000000200000e8                __bss_start__ = _sbss
 *(.bss)
 .bss           0x00000000200000e8       0x1c /usr/bin/../lib/gcc/arm-none-eabi/7.2.1/thumb/v7e-m/fpv4-sp/hard/crtbegin.o
 *(.bss*)
 .bss.ucMaxSysCallPriority
                0x0000000020000104        0x1 CMakeFiles/Clion_MAX_test.elf.dir/Middlewares/Third_Party/FreeRTOS/Source/portable/GCC/ARM_CM4F/port.c.obj
 *fill*         0x0000000020000105        0x3 
 .bss.ulMaxPRIGROUPValue
                0x0000000020000108        0x4 CMakeFiles/Clion_MAX_test.elf.dir/Middlewares/Third_Party/FreeRTOS/Source/portable/GCC/ARM_CM4F/port.c.obj
 .bss.ucHeap    0x000000002000010c     0x3c00 CMakeFiles/Clion_MAX_test.elf.dir/Middlewares/Third_Party/FreeRTOS/Source/portable/MemMang/heap_4.c.obj
 .bss.xStart    0x0000000020003d0c        0x8 CMakeFiles/Clion_MAX_test.elf.dir/Middlewares/Third_Party/FreeRTOS/Source/portable/MemMang/heap_4.c.obj
 .bss.pxEnd     0x0000000020003d14        0x4 CMakeFiles/Clion_MAX_test.elf.dir/Middlewares/Third_Party/FreeRTOS/Source/portable/MemMang/heap_4.c.obj
 .bss.xFreeBytesRemaining
                0x0000000020003d18        0x4 CMakeFiles/Clion_MAX_test.elf.dir/Middlewares/Third_Party/FreeRTOS/Source/portable/MemMang/heap_4.c.obj
 .bss.xMinimumEverFreeBytesRemaining
                0x0000000020003d1c        0x4 CMakeFiles/Clion_MAX_test.elf.dir/Middlewares/Third_Party/FreeRTOS/Source/portable/MemMang/heap_4.c.obj
 .bss.xBlockAllocatedBit
                0x0000000020003d20        0x4 CMakeFiles/Clion_MAX_test.elf.dir/Middlewares/Third_Party/FreeRTOS/Source/portable/MemMang/heap_4.c.obj
 .bss.pxCurrentTCB
                0x0000000020003d24        0x4 CMakeFiles/Clion_MAX_test.elf.dir/Middlewares/Third_Party/FreeRTOS/Source/tasks.c.obj
                0x0000000020003d24                pxCurrentTCB
 .bss.pxReadyTasksLists
                0x0000000020003d28       0x8c CMakeFiles/Clion_MAX_test.elf.dir/Middlewares/Third_Party/FreeRTOS/Source/tasks.c.obj
 .bss.xDelayedTaskList1
                0x0000000020003db4       0x14 CMakeFiles/Clion_MAX_test.elf.dir/Middlewares/Third_Party/FreeRTOS/Source/tasks.c.obj
 .bss.xDelayedTaskList2
                0x0000000020003dc8       0x14 CMakeFiles/Clion_MAX_test.elf.dir/Middlewares/Third_Party/FreeRTOS/Source/tasks.c.obj
 .bss.pxDelayedTaskList
                0x0000000020003ddc        0x4 CMakeFiles/Clion_MAX_test.elf.dir/Middlewares/Third_Party/FreeRTOS/Source/tasks.c.obj
 .bss.pxOverflowDelayedTaskList
                0x0000000020003de0        0x4 CMakeFiles/Clion_MAX_test.elf.dir/Middlewares/Third_Party/FreeRTOS/Source/tasks.c.obj
 .bss.xPendingReadyList
                0x0000000020003de4       0x14 CMakeFiles/Clion_MAX_test.elf.dir/Middlewares/Third_Party/FreeRTOS/Source/tasks.c.obj
 .bss.xTasksWaitingTermination
                0x0000000020003df8       0x14 CMakeFiles/Clion_MAX_test.elf.dir/Middlewares/Third_Party/FreeRTOS/Source/tasks.c.obj
 .bss.uxDeletedTasksWaitingCleanUp
                0x0000000020003e0c        0x4 CMakeFiles/Clion_MAX_test.elf.dir/Middlewares/Third_Party/FreeRTOS/Source/tasks.c.obj
 .bss.xSuspendedTaskList
                0x0000000020003e10       0x14 CMakeFiles/Clion_MAX_test.elf.dir/Middlewares/Third_Party/FreeRTOS/Source/tasks.c.obj
 .bss.uxCurrentNumberOfTasks
                0x0000000020003e24        0x4 CMakeFiles/Clion_MAX_test.elf.dir/Middlewares/Third_Party/FreeRTOS/Source/tasks.c.obj
 .bss.xTickCount
                0x0000000020003e28        0x4 CMakeFiles/Clion_MAX_test.elf.dir/Middlewares/Third_Party/FreeRTOS/Source/tasks.c.obj
 .bss.uxTopReadyPriority
                0x0000000020003e2c        0x4 CMakeFiles/Clion_MAX_test.elf.dir/Middlewares/Third_Party/FreeRTOS/Source/tasks.c.obj
 .bss.xSchedulerRunning
                0x0000000020003e30        0x4 CMakeFiles/Clion_MAX_test.elf.dir/Middlewares/Third_Party/FreeRTOS/Source/tasks.c.obj
 .bss.uxPendedTicks
                0x0000000020003e34        0x4 CMakeFiles/Clion_MAX_test.elf.dir/Middlewares/Third_Party/FreeRTOS/Source/tasks.c.obj
 .bss.xYieldPending
                0x0000000020003e38        0x4 CMakeFiles/Clion_MAX_test.elf.dir/Middlewares/Third_Party/FreeRTOS/Source/tasks.c.obj
 .bss.xNumOfOverflows
                0x0000000020003e3c        0x4 CMakeFiles/Clion_MAX_test.elf.dir/Middlewares/Third_Party/FreeRTOS/Source/tasks.c.obj
 .bss.uxTaskNumber
                0x0000000020003e40        0x4 CMakeFiles/Clion_MAX_test.elf.dir/Middlewares/Third_Party/FreeRTOS/Source/tasks.c.obj
 .bss.xNextTaskUnblockTime
                0x0000000020003e44        0x4 CMakeFiles/Clion_MAX_test.elf.dir/Middlewares/Third_Party/FreeRTOS/Source/tasks.c.obj
 .bss.xIdleTaskHandle
                0x0000000020003e48        0x4 CMakeFiles/Clion_MAX_test.elf.dir/Middlewares/Third_Party/FreeRTOS/Source/tasks.c.obj
 .bss.uxSchedulerSuspended
                0x0000000020003e4c        0x4 CMakeFiles/Clion_MAX_test.elf.dir/Middlewares/Third_Party/FreeRTOS/Source/tasks.c.obj
 .bss.uwTick    0x0000000020003e50        0x4 CMakeFiles/Clion_MAX_test.elf.dir/Drivers/STM32F4xx_HAL_Driver/Src/stm32f4xx_hal.c.obj
                0x0000000020003e50                uwTick
 .bss.defaultTaskHandle
                0x0000000020003e54        0x4 CMakeFiles/Clion_MAX_test.elf.dir/Src/freertos.c.obj
                0x0000000020003e54                defaultTaskHandle
 .bss.myTaskLD3Handle
                0x0000000020003e58        0x4 CMakeFiles/Clion_MAX_test.elf.dir/Src/freertos.c.obj
                0x0000000020003e58                myTaskLD3Handle
 .bss.myTaskLD4Handle
                0x0000000020003e5c        0x4 CMakeFiles/Clion_MAX_test.elf.dir/Src/freertos.c.obj
                0x0000000020003e5c                myTaskLD4Handle
 .bss.myTaskDisplayHandler
                0x0000000020003e60        0x4 CMakeFiles/Clion_MAX_test.elf.dir/Src/freertos.c.obj
                0x0000000020003e60                myTaskDisplayHandler
 .bss.hspi5     0x0000000020003e64       0x58 CMakeFiles/Clion_MAX_test.elf.dir/Src/spi.c.obj
                0x0000000020003e64                hspi5
 .bss.hdma_spi5_tx
                0x0000000020003ebc       0x60 CMakeFiles/Clion_MAX_test.elf.dir/Src/spi.c.obj
                0x0000000020003ebc                hdma_spi5_tx
 .bss.htim8     0x0000000020003f1c       0x3c CMakeFiles/Clion_MAX_test.elf.dir/Src/stm32f4xx_hal_timebase_TIM.c.obj
                0x0000000020003f1c                htim8
 .bss._acUpBuffer
                0x0000000020003f58      0x400 CMakeFiles/Clion_MAX_test.elf.dir/RTT/SEGGER_RTT.c.obj
 .bss._acDownBuffer
                0x0000000020004358       0x10 CMakeFiles/Clion_MAX_test.elf.dir/RTT/SEGGER_RTT.c.obj
 *(COMMON)
 COMMON         0x0000000020004368        0x4 /usr/bin/../lib/gcc/arm-none-eabi/7.2.1/../../../../arm-none-eabi/lib/thumb/v7e-m/fpv4-sp/hard/libg_nano.a(lib_a-reent.o)
                0x0000000020004368                errno
                0x000000002000436c                . = ALIGN (0x4)
                0x000000002000436c                _ebss = .
                0x000000002000436c                __bss_end__ = _ebss

._user_heap_stack
                0x000000002000436c      0x604
                0x0000000020004370                . = ALIGN (0x8)
 *fill*         0x000000002000436c        0x4 
                0x0000000020004370                PROVIDE (end, .)
                [!provide]                        PROVIDE (_end, .)
                0x0000000020004570                . = (. + _Min_Heap_Size)
 *fill*         0x0000000020004370      0x200 
                0x0000000020004970                . = (. + _Min_Stack_Size)
 *fill*         0x0000000020004570      0x400 
                0x0000000020004970                . = ALIGN (0x8)

/DISCARD/
 libc.a(*)
 libm.a(*)
 libgcc.a(*)

.ARM.attributes
                0x0000000000000000       0x30
 *(.ARM.attributes)
 .ARM.attributes
                0x0000000000000000       0x22 /usr/bin/../lib/gcc/arm-none-eabi/7.2.1/thumb/v7e-m/fpv4-sp/hard/crti.o
 .ARM.attributes
                0x0000000000000022       0x34 /usr/bin/../lib/gcc/arm-none-eabi/7.2.1/thumb/v7e-m/fpv4-sp/hard/crtbegin.o
 .ARM.attributes
                0x0000000000000056       0x39 CMakeFiles/Clion_MAX_test.elf.dir/Middlewares/Third_Party/FreeRTOS/Source/CMSIS_RTOS/cmsis_os.c.obj
 .ARM.attributes
                0x000000000000008f       0x39 CMakeFiles/Clion_MAX_test.elf.dir/Middlewares/Third_Party/FreeRTOS/Source/list.c.obj
 .ARM.attributes
                0x00000000000000c8       0x39 CMakeFiles/Clion_MAX_test.elf.dir/Middlewares/Third_Party/FreeRTOS/Source/portable/GCC/ARM_CM4F/port.c.obj
 .ARM.attributes
                0x0000000000000101       0x39 CMakeFiles/Clion_MAX_test.elf.dir/Middlewares/Third_Party/FreeRTOS/Source/portable/MemMang/heap_4.c.obj
 .ARM.attributes
                0x000000000000013a       0x39 CMakeFiles/Clion_MAX_test.elf.dir/Middlewares/Third_Party/FreeRTOS/Source/tasks.c.obj
 .ARM.attributes
                0x0000000000000173       0x21 CMakeFiles/Clion_MAX_test.elf.dir/startup/startup_stm32f429xx.s.obj
 .ARM.attributes
                0x0000000000000194       0x39 CMakeFiles/Clion_MAX_test.elf.dir/Drivers/STM32F4xx_HAL_Driver/Src/stm32f4xx_hal.c.obj
 .ARM.attributes
                0x00000000000001cd       0x39 CMakeFiles/Clion_MAX_test.elf.dir/Drivers/STM32F4xx_HAL_Driver/Src/stm32f4xx_hal_cortex.c.obj
 .ARM.attributes
                0x0000000000000206       0x39 CMakeFiles/Clion_MAX_test.elf.dir/Drivers/STM32F4xx_HAL_Driver/Src/stm32f4xx_hal_dma.c.obj
 .ARM.attributes
                0x000000000000023f       0x39 CMakeFiles/Clion_MAX_test.elf.dir/Drivers/STM32F4xx_HAL_Driver/Src/stm32f4xx_hal_gpio.c.obj
 .ARM.attributes
                0x0000000000000278       0x39 CMakeFiles/Clion_MAX_test.elf.dir/Drivers/STM32F4xx_HAL_Driver/Src/stm32f4xx_hal_rcc.c.obj
 .ARM.attributes
                0x00000000000002b1       0x39 CMakeFiles/Clion_MAX_test.elf.dir/Drivers/STM32F4xx_HAL_Driver/Src/stm32f4xx_hal_spi.c.obj
 .ARM.attributes
                0x00000000000002ea       0x39 CMakeFiles/Clion_MAX_test.elf.dir/Drivers/STM32F4xx_HAL_Driver/Src/stm32f4xx_hal_tim.c.obj
 .ARM.attributes
                0x0000000000000323       0x39 CMakeFiles/Clion_MAX_test.elf.dir/Drivers/STM32F4xx_HAL_Driver/Src/stm32f4xx_hal_tim_ex.c.obj
 .ARM.attributes
                0x000000000000035c       0x39 CMakeFiles/Clion_MAX_test.elf.dir/Src/dma.c.obj
 .ARM.attributes
                0x0000000000000395       0x39 CMakeFiles/Clion_MAX_test.elf.dir/Src/example.cpp.obj
 .ARM.attributes
                0x00000000000003ce       0x39 CMakeFiles/Clion_MAX_test.elf.dir/Src/freertos.c.obj
 .ARM.attributes
                0x0000000000000407       0x39 CMakeFiles/Clion_MAX_test.elf.dir/Src/gpio.c.obj
 .ARM.attributes
                0x0000000000000440       0x39 CMakeFiles/Clion_MAX_test.elf.dir/Src/main.c.obj
 .ARM.attributes
                0x0000000000000479       0x39 CMakeFiles/Clion_MAX_test.elf.dir/Src/spi.c.obj
 .ARM.attributes
                0x00000000000004b2       0x39 CMakeFiles/Clion_MAX_test.elf.dir/Src/stm32f4xx_hal_msp.c.obj
 .ARM.attributes
                0x00000000000004eb       0x39 CMakeFiles/Clion_MAX_test.elf.dir/Src/stm32f4xx_hal_timebase_TIM.c.obj
 .ARM.attributes
                0x0000000000000524       0x39 CMakeFiles/Clion_MAX_test.elf.dir/Src/stm32f4xx_it.c.obj
 .ARM.attributes
                0x000000000000055d       0x39 CMakeFiles/Clion_MAX_test.elf.dir/Src/system_stm32f4xx.c.obj
 .ARM.attributes
                0x0000000000000596       0x39 CMakeFiles/Clion_MAX_test.elf.dir/RTT/SEGGER_RTT.c.obj
 .ARM.attributes
                0x00000000000005cf       0x22 /usr/bin/../lib/gcc/arm-none-eabi/7.2.1/thumb/v7e-m/fpv4-sp/hard/libgcc.a(_aeabi_uldivmod.o)
 .ARM.attributes
                0x00000000000005f1       0x34 /usr/bin/../lib/gcc/arm-none-eabi/7.2.1/thumb/v7e-m/fpv4-sp/hard/libgcc.a(_udivmoddi4.o)
 .ARM.attributes
                0x0000000000000625       0x34 /usr/bin/../lib/gcc/arm-none-eabi/7.2.1/thumb/v7e-m/fpv4-sp/hard/libgcc.a(unwind-arm.o)
 .ARM.attributes
                0x0000000000000659       0x22 /usr/bin/../lib/gcc/arm-none-eabi/7.2.1/thumb/v7e-m/fpv4-sp/hard/libgcc.a(libunwind.o)
 .ARM.attributes
                0x000000000000067b       0x34 /usr/bin/../lib/gcc/arm-none-eabi/7.2.1/thumb/v7e-m/fpv4-sp/hard/libgcc.a(pr-support.o)
 .ARM.attributes
                0x00000000000006af       0x22 /usr/bin/../lib/gcc/arm-none-eabi/7.2.1/thumb/v7e-m/fpv4-sp/hard/libgcc.a(_dvmd_tls.o)
 .ARM.attributes
                0x00000000000006d1       0x34 /usr/bin/../lib/gcc/arm-none-eabi/7.2.1/../../../../arm-none-eabi/lib/thumb/v7e-m/fpv4-sp/hard/libg_nano.a(lib_a-abort.o)
 .ARM.attributes
                0x0000000000000705       0x34 /usr/bin/../lib/gcc/arm-none-eabi/7.2.1/../../../../arm-none-eabi/lib/thumb/v7e-m/fpv4-sp/hard/libg_nano.a(lib_a-impure.o)
 .ARM.attributes
                0x0000000000000739       0x34 /usr/bin/../lib/gcc/arm-none-eabi/7.2.1/../../../../arm-none-eabi/lib/thumb/v7e-m/fpv4-sp/hard/libg_nano.a(lib_a-init.o)
 .ARM.attributes
                0x000000000000076d       0x34 /usr/bin/../lib/gcc/arm-none-eabi/7.2.1/../../../../arm-none-eabi/lib/thumb/v7e-m/fpv4-sp/hard/libg_nano.a(lib_a-memcpy-stub.o)
 .ARM.attributes
                0x00000000000007a1       0x34 /usr/bin/../lib/gcc/arm-none-eabi/7.2.1/../../../../arm-none-eabi/lib/thumb/v7e-m/fpv4-sp/hard/libg_nano.a(lib_a-signal.o)
 .ARM.attributes
                0x00000000000007d5       0x34 /usr/bin/../lib/gcc/arm-none-eabi/7.2.1/../../../../arm-none-eabi/lib/thumb/v7e-m/fpv4-sp/hard/libg_nano.a(lib_a-signalr.o)
 .ARM.attributes
                0x0000000000000809       0x34 /usr/bin/../lib/gcc/arm-none-eabi/7.2.1/../../../../arm-none-eabi/lib/thumb/v7e-m/fpv4-sp/hard/libg_nano.a(lib_a-reent.o)
 .ARM.attributes
                0x000000000000083d       0x34 /usr/bin/../lib/gcc/arm-none-eabi/7.2.1/../../../../arm-none-eabi/lib/thumb/v7e-m/fpv4-sp/hard/libnosys.a(getpid.o)
 .ARM.attributes
                0x0000000000000871       0x34 /usr/bin/../lib/gcc/arm-none-eabi/7.2.1/../../../../arm-none-eabi/lib/thumb/v7e-m/fpv4-sp/hard/libnosys.a(kill.o)
 .ARM.attributes
                0x00000000000008a5       0x34 /usr/bin/../lib/gcc/arm-none-eabi/7.2.1/../../../../arm-none-eabi/lib/thumb/v7e-m/fpv4-sp/hard/libnosys.a(_exit.o)
 .ARM.attributes
                0x00000000000008d9       0x22 /usr/bin/../lib/gcc/arm-none-eabi/7.2.1/thumb/v7e-m/fpv4-sp/hard/crtn.o
OUTPUT(Clion_MAX_test.elf elf32-littlearm)

.debug_info     0x0000000000000000    0x1e3b9
 .debug_info    0x0000000000000000     0x1af6 CMakeFiles/Clion_MAX_test.elf.dir/Middlewares/Third_Party/FreeRTOS/Source/CMSIS_RTOS/cmsis_os.c.obj
 .debug_info    0x0000000000001af6      0xab5 CMakeFiles/Clion_MAX_test.elf.dir/Middlewares/Third_Party/FreeRTOS/Source/list.c.obj
 .debug_info    0x00000000000025ab      0x4fd CMakeFiles/Clion_MAX_test.elf.dir/Middlewares/Third_Party/FreeRTOS/Source/portable/GCC/ARM_CM4F/port.c.obj
 .debug_info    0x0000000000002aa8      0xbdf CMakeFiles/Clion_MAX_test.elf.dir/Middlewares/Third_Party/FreeRTOS/Source/portable/MemMang/heap_4.c.obj
 .debug_info    0x0000000000003687     0x2198 CMakeFiles/Clion_MAX_test.elf.dir/Middlewares/Third_Party/FreeRTOS/Source/tasks.c.obj
 .debug_info    0x000000000000581f       0x22 CMakeFiles/Clion_MAX_test.elf.dir/startup/startup_stm32f429xx.s.obj
 .debug_info    0x0000000000005841     0x1188 CMakeFiles/Clion_MAX_test.elf.dir/Drivers/STM32F4xx_HAL_Driver/Src/stm32f4xx_hal.c.obj
 .debug_info    0x00000000000069c9     0x160c CMakeFiles/Clion_MAX_test.elf.dir/Drivers/STM32F4xx_HAL_Driver/Src/stm32f4xx_hal_cortex.c.obj
 .debug_info    0x0000000000007fd5     0x111b CMakeFiles/Clion_MAX_test.elf.dir/Drivers/STM32F4xx_HAL_Driver/Src/stm32f4xx_hal_dma.c.obj
 .debug_info    0x00000000000090f0      0xf85 CMakeFiles/Clion_MAX_test.elf.dir/Drivers/STM32F4xx_HAL_Driver/Src/stm32f4xx_hal_gpio.c.obj
 .debug_info    0x000000000000a075     0x10c5 CMakeFiles/Clion_MAX_test.elf.dir/Drivers/STM32F4xx_HAL_Driver/Src/stm32f4xx_hal_rcc.c.obj
 .debug_info    0x000000000000b13a     0x1cf0 CMakeFiles/Clion_MAX_test.elf.dir/Drivers/STM32F4xx_HAL_Driver/Src/stm32f4xx_hal_spi.c.obj
 .debug_info    0x000000000000ce2a     0x29f0 CMakeFiles/Clion_MAX_test.elf.dir/Drivers/STM32F4xx_HAL_Driver/Src/stm32f4xx_hal_tim.c.obj
 .debug_info    0x000000000000f81a     0x17ca CMakeFiles/Clion_MAX_test.elf.dir/Drivers/STM32F4xx_HAL_Driver/Src/stm32f4xx_hal_tim_ex.c.obj
 .debug_info    0x0000000000010fe4      0xd6f CMakeFiles/Clion_MAX_test.elf.dir/Src/dma.c.obj
 .debug_info    0x0000000000011d53     0x417b CMakeFiles/Clion_MAX_test.elf.dir/Src/example.cpp.obj
 .debug_info    0x0000000000015ece      0xbbc CMakeFiles/Clion_MAX_test.elf.dir/Src/freertos.c.obj
 .debug_info    0x0000000000016a8a      0xd07 CMakeFiles/Clion_MAX_test.elf.dir/Src/gpio.c.obj
 .debug_info    0x0000000000017791     0x16bd CMakeFiles/Clion_MAX_test.elf.dir/Src/main.c.obj
 .debug_info    0x0000000000018e4e     0x13cd CMakeFiles/Clion_MAX_test.elf.dir/Src/spi.c.obj
 .debug_info    0x000000000001a21b      0xb8c CMakeFiles/Clion_MAX_test.elf.dir/Src/stm32f4xx_hal_msp.c.obj
 .debug_info    0x000000000001ada7     0x1335 CMakeFiles/Clion_MAX_test.elf.dir/Src/stm32f4xx_hal_timebase_TIM.c.obj
 .debug_info    0x000000000001c0dc     0x10b5 CMakeFiles/Clion_MAX_test.elf.dir/Src/stm32f4xx_it.c.obj
 .debug_info    0x000000000001d191      0x511 CMakeFiles/Clion_MAX_test.elf.dir/Src/system_stm32f4xx.c.obj
 .debug_info    0x000000000001d6a2      0xd17 CMakeFiles/Clion_MAX_test.elf.dir/RTT/SEGGER_RTT.c.obj

.debug_abbrev   0x0000000000000000     0x3aee
 .debug_abbrev  0x0000000000000000      0x387 CMakeFiles/Clion_MAX_test.elf.dir/Middlewares/Third_Party/FreeRTOS/Source/CMSIS_RTOS/cmsis_os.c.obj
 .debug_abbrev  0x0000000000000387      0x1c5 CMakeFiles/Clion_MAX_test.elf.dir/Middlewares/Third_Party/FreeRTOS/Source/list.c.obj
 .debug_abbrev  0x000000000000054c      0x1d5 CMakeFiles/Clion_MAX_test.elf.dir/Middlewares/Third_Party/FreeRTOS/Source/portable/GCC/ARM_CM4F/port.c.obj
 .debug_abbrev  0x0000000000000721      0x29b CMakeFiles/Clion_MAX_test.elf.dir/Middlewares/Third_Party/FreeRTOS/Source/portable/MemMang/heap_4.c.obj
 .debug_abbrev  0x00000000000009bc      0x353 CMakeFiles/Clion_MAX_test.elf.dir/Middlewares/Third_Party/FreeRTOS/Source/tasks.c.obj
 .debug_abbrev  0x0000000000000d0f       0x12 CMakeFiles/Clion_MAX_test.elf.dir/startup/startup_stm32f429xx.s.obj
 .debug_abbrev  0x0000000000000d21      0x282 CMakeFiles/Clion_MAX_test.elf.dir/Drivers/STM32F4xx_HAL_Driver/Src/stm32f4xx_hal.c.obj
 .debug_abbrev  0x0000000000000fa3      0x373 CMakeFiles/Clion_MAX_test.elf.dir/Drivers/STM32F4xx_HAL_Driver/Src/stm32f4xx_hal_cortex.c.obj
 .debug_abbrev  0x0000000000001316      0x288 CMakeFiles/Clion_MAX_test.elf.dir/Drivers/STM32F4xx_HAL_Driver/Src/stm32f4xx_hal_dma.c.obj
 .debug_abbrev  0x000000000000159e      0x24e CMakeFiles/Clion_MAX_test.elf.dir/Drivers/STM32F4xx_HAL_Driver/Src/stm32f4xx_hal_gpio.c.obj
 .debug_abbrev  0x00000000000017ec      0x2ca CMakeFiles/Clion_MAX_test.elf.dir/Drivers/STM32F4xx_HAL_Driver/Src/stm32f4xx_hal_rcc.c.obj
 .debug_abbrev  0x0000000000001ab6      0x2ae CMakeFiles/Clion_MAX_test.elf.dir/Drivers/STM32F4xx_HAL_Driver/Src/stm32f4xx_hal_spi.c.obj
 .debug_abbrev  0x0000000000001d64      0x2af CMakeFiles/Clion_MAX_test.elf.dir/Drivers/STM32F4xx_HAL_Driver/Src/stm32f4xx_hal_tim.c.obj
 .debug_abbrev  0x0000000000002013      0x28c CMakeFiles/Clion_MAX_test.elf.dir/Drivers/STM32F4xx_HAL_Driver/Src/stm32f4xx_hal_tim_ex.c.obj
 .debug_abbrev  0x000000000000229f      0x1c0 CMakeFiles/Clion_MAX_test.elf.dir/Src/dma.c.obj
 .debug_abbrev  0x000000000000245f      0x5e3 CMakeFiles/Clion_MAX_test.elf.dir/Src/example.cpp.obj
 .debug_abbrev  0x0000000000002a42      0x1f6 CMakeFiles/Clion_MAX_test.elf.dir/Src/freertos.c.obj
 .debug_abbrev  0x0000000000002c38      0x1c2 CMakeFiles/Clion_MAX_test.elf.dir/Src/gpio.c.obj
 .debug_abbrev  0x0000000000002dfa      0x221 CMakeFiles/Clion_MAX_test.elf.dir/Src/main.c.obj
 .debug_abbrev  0x000000000000301b      0x207 CMakeFiles/Clion_MAX_test.elf.dir/Src/spi.c.obj
 .debug_abbrev  0x0000000000003222      0x19b CMakeFiles/Clion_MAX_test.elf.dir/Src/stm32f4xx_hal_msp.c.obj
 .debug_abbrev  0x00000000000033bd      0x20b CMakeFiles/Clion_MAX_test.elf.dir/Src/stm32f4xx_hal_timebase_TIM.c.obj
 .debug_abbrev  0x00000000000035c8      0x1b0 CMakeFiles/Clion_MAX_test.elf.dir/Src/stm32f4xx_it.c.obj
 .debug_abbrev  0x0000000000003778      0x10e CMakeFiles/Clion_MAX_test.elf.dir/Src/system_stm32f4xx.c.obj
 .debug_abbrev  0x0000000000003886      0x268 CMakeFiles/Clion_MAX_test.elf.dir/RTT/SEGGER_RTT.c.obj

.debug_aranges  0x0000000000000000     0x1198
 .debug_aranges
                0x0000000000000000      0x1d8 CMakeFiles/Clion_MAX_test.elf.dir/Middlewares/Third_Party/FreeRTOS/Source/CMSIS_RTOS/cmsis_os.c.obj
 .debug_aranges
                0x00000000000001d8       0x40 CMakeFiles/Clion_MAX_test.elf.dir/Middlewares/Third_Party/FreeRTOS/Source/list.c.obj
 .debug_aranges
                0x0000000000000218       0x80 CMakeFiles/Clion_MAX_test.elf.dir/Middlewares/Third_Party/FreeRTOS/Source/portable/GCC/ARM_CM4F/port.c.obj
 .debug_aranges
                0x0000000000000298       0x50 CMakeFiles/Clion_MAX_test.elf.dir/Middlewares/Third_Party/FreeRTOS/Source/portable/MemMang/heap_4.c.obj
 .debug_aranges
                0x00000000000002e8      0x198 CMakeFiles/Clion_MAX_test.elf.dir/Middlewares/Third_Party/FreeRTOS/Source/tasks.c.obj
 .debug_aranges
                0x0000000000000480       0x28 CMakeFiles/Clion_MAX_test.elf.dir/startup/startup_stm32f429xx.s.obj
 .debug_aranges
                0x00000000000004a8       0xf0 CMakeFiles/Clion_MAX_test.elf.dir/Drivers/STM32F4xx_HAL_Driver/Src/stm32f4xx_hal.c.obj
 .debug_aranges
                0x0000000000000598      0x118 CMakeFiles/Clion_MAX_test.elf.dir/Drivers/STM32F4xx_HAL_Driver/Src/stm32f4xx_hal_cortex.c.obj
 .debug_aranges
                0x00000000000006b0       0x90 CMakeFiles/Clion_MAX_test.elf.dir/Drivers/STM32F4xx_HAL_Driver/Src/stm32f4xx_hal_dma.c.obj
 .debug_aranges
                0x0000000000000740       0x58 CMakeFiles/Clion_MAX_test.elf.dir/Drivers/STM32F4xx_HAL_Driver/Src/stm32f4xx_hal_gpio.c.obj
 .debug_aranges
                0x0000000000000798       0x88 CMakeFiles/Clion_MAX_test.elf.dir/Drivers/STM32F4xx_HAL_Driver/Src/stm32f4xx_hal_rcc.c.obj
 .debug_aranges
                0x0000000000000820      0x1c8 CMakeFiles/Clion_MAX_test.elf.dir/Drivers/STM32F4xx_HAL_Driver/Src/stm32f4xx_hal_spi.c.obj
 .debug_aranges
                0x00000000000009e8      0x368 CMakeFiles/Clion_MAX_test.elf.dir/Drivers/STM32F4xx_HAL_Driver/Src/stm32f4xx_hal_tim.c.obj
 .debug_aranges
                0x0000000000000d50      0x140 CMakeFiles/Clion_MAX_test.elf.dir/Drivers/STM32F4xx_HAL_Driver/Src/stm32f4xx_hal_tim_ex.c.obj
 .debug_aranges
                0x0000000000000e90       0x20 CMakeFiles/Clion_MAX_test.elf.dir/Src/dma.c.obj
 .debug_aranges
                0x0000000000000eb0       0xf8 CMakeFiles/Clion_MAX_test.elf.dir/Src/example.cpp.obj
 .debug_aranges
                0x0000000000000fa8       0x38 CMakeFiles/Clion_MAX_test.elf.dir/Src/freertos.c.obj
 .debug_aranges
                0x0000000000000fe0       0x20 CMakeFiles/Clion_MAX_test.elf.dir/Src/gpio.c.obj
 .debug_aranges
                0x0000000000001000       0x38 CMakeFiles/Clion_MAX_test.elf.dir/Src/main.c.obj
 .debug_aranges
                0x0000000000001038       0x30 CMakeFiles/Clion_MAX_test.elf.dir/Src/spi.c.obj
 .debug_aranges
                0x0000000000001068       0x20 CMakeFiles/Clion_MAX_test.elf.dir/Src/stm32f4xx_hal_msp.c.obj
 .debug_aranges
                0x0000000000001088       0x30 CMakeFiles/Clion_MAX_test.elf.dir/Src/stm32f4xx_hal_timebase_TIM.c.obj
 .debug_aranges
                0x00000000000010b8       0x38 CMakeFiles/Clion_MAX_test.elf.dir/Src/stm32f4xx_it.c.obj
 .debug_aranges
                0x00000000000010f0       0x28 CMakeFiles/Clion_MAX_test.elf.dir/Src/system_stm32f4xx.c.obj
 .debug_aranges
                0x0000000000001118       0x80 CMakeFiles/Clion_MAX_test.elf.dir/RTT/SEGGER_RTT.c.obj

.debug_ranges   0x0000000000000000     0x1010
 .debug_ranges  0x0000000000000000      0x1c8 CMakeFiles/Clion_MAX_test.elf.dir/Middlewares/Third_Party/FreeRTOS/Source/CMSIS_RTOS/cmsis_os.c.obj
 .debug_ranges  0x00000000000001c8       0x30 CMakeFiles/Clion_MAX_test.elf.dir/Middlewares/Third_Party/FreeRTOS/Source/list.c.obj
 .debug_ranges  0x00000000000001f8       0x70 CMakeFiles/Clion_MAX_test.elf.dir/Middlewares/Third_Party/FreeRTOS/Source/portable/GCC/ARM_CM4F/port.c.obj
 .debug_ranges  0x0000000000000268       0x40 CMakeFiles/Clion_MAX_test.elf.dir/Middlewares/Third_Party/FreeRTOS/Source/portable/MemMang/heap_4.c.obj
 .debug_ranges  0x00000000000002a8      0x188 CMakeFiles/Clion_MAX_test.elf.dir/Middlewares/Third_Party/FreeRTOS/Source/tasks.c.obj
 .debug_ranges  0x0000000000000430       0x20 CMakeFiles/Clion_MAX_test.elf.dir/startup/startup_stm32f429xx.s.obj
 .debug_ranges  0x0000000000000450       0xe0 CMakeFiles/Clion_MAX_test.elf.dir/Drivers/STM32F4xx_HAL_Driver/Src/stm32f4xx_hal.c.obj
 .debug_ranges  0x0000000000000530      0x108 CMakeFiles/Clion_MAX_test.elf.dir/Drivers/STM32F4xx_HAL_Driver/Src/stm32f4xx_hal_cortex.c.obj
 .debug_ranges  0x0000000000000638       0x80 CMakeFiles/Clion_MAX_test.elf.dir/Drivers/STM32F4xx_HAL_Driver/Src/stm32f4xx_hal_dma.c.obj
 .debug_ranges  0x00000000000006b8       0x48 CMakeFiles/Clion_MAX_test.elf.dir/Drivers/STM32F4xx_HAL_Driver/Src/stm32f4xx_hal_gpio.c.obj
 .debug_ranges  0x0000000000000700       0x78 CMakeFiles/Clion_MAX_test.elf.dir/Drivers/STM32F4xx_HAL_Driver/Src/stm32f4xx_hal_rcc.c.obj
 .debug_ranges  0x0000000000000778      0x1b8 CMakeFiles/Clion_MAX_test.elf.dir/Drivers/STM32F4xx_HAL_Driver/Src/stm32f4xx_hal_spi.c.obj
 .debug_ranges  0x0000000000000930      0x358 CMakeFiles/Clion_MAX_test.elf.dir/Drivers/STM32F4xx_HAL_Driver/Src/stm32f4xx_hal_tim.c.obj
 .debug_ranges  0x0000000000000c88      0x130 CMakeFiles/Clion_MAX_test.elf.dir/Drivers/STM32F4xx_HAL_Driver/Src/stm32f4xx_hal_tim_ex.c.obj
 .debug_ranges  0x0000000000000db8       0x10 CMakeFiles/Clion_MAX_test.elf.dir/Src/dma.c.obj
 .debug_ranges  0x0000000000000dc8       0xe8 CMakeFiles/Clion_MAX_test.elf.dir/Src/example.cpp.obj
 .debug_ranges  0x0000000000000eb0       0x28 CMakeFiles/Clion_MAX_test.elf.dir/Src/freertos.c.obj
 .debug_ranges  0x0000000000000ed8       0x10 CMakeFiles/Clion_MAX_test.elf.dir/Src/gpio.c.obj
 .debug_ranges  0x0000000000000ee8       0x28 CMakeFiles/Clion_MAX_test.elf.dir/Src/main.c.obj
 .debug_ranges  0x0000000000000f10       0x20 CMakeFiles/Clion_MAX_test.elf.dir/Src/spi.c.obj
 .debug_ranges  0x0000000000000f30       0x10 CMakeFiles/Clion_MAX_test.elf.dir/Src/stm32f4xx_hal_msp.c.obj
 .debug_ranges  0x0000000000000f40       0x20 CMakeFiles/Clion_MAX_test.elf.dir/Src/stm32f4xx_hal_timebase_TIM.c.obj
 .debug_ranges  0x0000000000000f60       0x28 CMakeFiles/Clion_MAX_test.elf.dir/Src/stm32f4xx_it.c.obj